Archive member included to satisfy reference by file (symbol)

/Applications/ArmGNUToolchain/12.2.mpacbti-rel1/arm-none-eabi/bin/../lib/gcc/arm-none-eabi/12.2.1/../../../../arm-none-eabi/lib/thumb/v7e-m+fp/hard/libc_nano.a(libc_a-exit.o)
                              /Applications/ArmGNUToolchain/12.2.mpacbti-rel1/arm-none-eabi/bin/../lib/gcc/arm-none-eabi/12.2.1/../../../../arm-none-eabi/lib/thumb/v7e-m+fp/hard/crt0.o (exit)
/Applications/ArmGNUToolchain/12.2.mpacbti-rel1/arm-none-eabi/bin/../lib/gcc/arm-none-eabi/12.2.1/../../../../arm-none-eabi/lib/thumb/v7e-m+fp/hard/libc_nano.a(libc_a-findfp.o)
                              /Applications/ArmGNUToolchain/12.2.mpacbti-rel1/arm-none-eabi/bin/../lib/gcc/arm-none-eabi/12.2.1/../../../../arm-none-eabi/lib/thumb/v7e-m+fp/hard/libc_nano.a(libc_a-exit.o) (__stdio_exit_handler)
/Applications/ArmGNUToolchain/12.2.mpacbti-rel1/arm-none-eabi/bin/../lib/gcc/arm-none-eabi/12.2.1/../../../../arm-none-eabi/lib/thumb/v7e-m+fp/hard/libc_nano.a(libc_a-fwalk.o)
                              /Applications/ArmGNUToolchain/12.2.mpacbti-rel1/arm-none-eabi/bin/../lib/gcc/arm-none-eabi/12.2.1/../../../../arm-none-eabi/lib/thumb/v7e-m+fp/hard/libc_nano.a(libc_a-findfp.o) (_fwalk_sglue)
/Applications/ArmGNUToolchain/12.2.mpacbti-rel1/arm-none-eabi/bin/../lib/gcc/arm-none-eabi/12.2.1/../../../../arm-none-eabi/lib/thumb/v7e-m+fp/hard/libc_nano.a(libc_a-memset.o)
                              /Applications/ArmGNUToolchain/12.2.mpacbti-rel1/arm-none-eabi/bin/../lib/gcc/arm-none-eabi/12.2.1/../../../../arm-none-eabi/lib/thumb/v7e-m+fp/hard/crt0.o (memset)
/Applications/ArmGNUToolchain/12.2.mpacbti-rel1/arm-none-eabi/bin/../lib/gcc/arm-none-eabi/12.2.1/../../../../arm-none-eabi/lib/thumb/v7e-m+fp/hard/libc_nano.a(libc_a-impure.o)
                              /Applications/ArmGNUToolchain/12.2.mpacbti-rel1/arm-none-eabi/bin/../lib/gcc/arm-none-eabi/12.2.1/../../../../arm-none-eabi/lib/thumb/v7e-m+fp/hard/libc_nano.a(libc_a-findfp.o) (_impure_data)
/Applications/ArmGNUToolchain/12.2.mpacbti-rel1/arm-none-eabi/bin/../lib/gcc/arm-none-eabi/12.2.1/../../../../arm-none-eabi/lib/thumb/v7e-m+fp/hard/libc_nano.a(libc_a-init.o)
                              /Applications/ArmGNUToolchain/12.2.mpacbti-rel1/arm-none-eabi/bin/../lib/gcc/arm-none-eabi/12.2.1/../../../../arm-none-eabi/lib/thumb/v7e-m+fp/hard/crt0.o (__libc_init_array)
/Applications/ArmGNUToolchain/12.2.mpacbti-rel1/arm-none-eabi/bin/../lib/gcc/arm-none-eabi/12.2.1/../../../../arm-none-eabi/lib/thumb/v7e-m+fp/hard/libc_nano.a(libc_a-lock.o)
                              /Applications/ArmGNUToolchain/12.2.mpacbti-rel1/arm-none-eabi/bin/../lib/gcc/arm-none-eabi/12.2.1/../../../../arm-none-eabi/lib/thumb/v7e-m+fp/hard/libc_nano.a(libc_a-findfp.o) (__retarget_lock_init_recursive)
/Applications/ArmGNUToolchain/12.2.mpacbti-rel1/arm-none-eabi/bin/../lib/gcc/arm-none-eabi/12.2.1/../../../../arm-none-eabi/lib/thumb/v7e-m+fp/hard/libc_nano.a(libc_a-mallocr.o)
                              /Applications/ArmGNUToolchain/12.2.mpacbti-rel1/arm-none-eabi/bin/../lib/gcc/arm-none-eabi/12.2.1/../../../../arm-none-eabi/lib/thumb/v7e-m+fp/hard/libc_nano.a(libc_a-findfp.o) (_malloc_r)
/Applications/ArmGNUToolchain/12.2.mpacbti-rel1/arm-none-eabi/bin/../lib/gcc/arm-none-eabi/12.2.1/../../../../arm-none-eabi/lib/thumb/v7e-m+fp/hard/libc_nano.a(libc_a-fflush.o)
                              /Applications/ArmGNUToolchain/12.2.mpacbti-rel1/arm-none-eabi/bin/../lib/gcc/arm-none-eabi/12.2.1/../../../../arm-none-eabi/lib/thumb/v7e-m+fp/hard/libc_nano.a(libc_a-findfp.o) (_fflush_r)
/Applications/ArmGNUToolchain/12.2.mpacbti-rel1/arm-none-eabi/bin/../lib/gcc/arm-none-eabi/12.2.1/../../../../arm-none-eabi/lib/thumb/v7e-m+fp/hard/libc_nano.a(libc_a-mlock.o)
                              /Applications/ArmGNUToolchain/12.2.mpacbti-rel1/arm-none-eabi/bin/../lib/gcc/arm-none-eabi/12.2.1/../../../../arm-none-eabi/lib/thumb/v7e-m+fp/hard/libc_nano.a(libc_a-mallocr.o) (__malloc_lock)
/Applications/ArmGNUToolchain/12.2.mpacbti-rel1/arm-none-eabi/bin/../lib/gcc/arm-none-eabi/12.2.1/../../../../arm-none-eabi/lib/thumb/v7e-m+fp/hard/libc_nano.a(libc_a-stdio.o)
                              /Applications/ArmGNUToolchain/12.2.mpacbti-rel1/arm-none-eabi/bin/../lib/gcc/arm-none-eabi/12.2.1/../../../../arm-none-eabi/lib/thumb/v7e-m+fp/hard/libc_nano.a(libc_a-findfp.o) (__sread)
/Applications/ArmGNUToolchain/12.2.mpacbti-rel1/arm-none-eabi/bin/../lib/gcc/arm-none-eabi/12.2.1/../../../../arm-none-eabi/lib/thumb/v7e-m+fp/hard/libc_nano.a(libc_a-closer.o)
                              /Applications/ArmGNUToolchain/12.2.mpacbti-rel1/arm-none-eabi/bin/../lib/gcc/arm-none-eabi/12.2.1/../../../../arm-none-eabi/lib/thumb/v7e-m+fp/hard/libc_nano.a(libc_a-stdio.o) (_close_r)
/Applications/ArmGNUToolchain/12.2.mpacbti-rel1/arm-none-eabi/bin/../lib/gcc/arm-none-eabi/12.2.1/../../../../arm-none-eabi/lib/thumb/v7e-m+fp/hard/libc_nano.a(libc_a-reent.o)
[...]
Memory Configuration

Name             Origin             Length             Attributes
CODE             0x08000000         0x00300000         xr
DATA             0x20000000         0x00040000         rw
*default*        0x00000000         0xffffffff

Linker script and memory map

LOAD /Applications/ArmGNUToolchain/12.2.mpacbti-rel1/arm-none-eabi/bin/../lib/gcc/arm-none-eabi/12.2.1/thumb/v7e-m+fp/hard/crti.o
LOAD /Applications/ArmGNUToolchain/12.2.mpacbti-rel1/arm-none-eabi/bin/../lib/gcc/arm-none-eabi/12.2.1/thumb/v7e-m+fp/hard/crtbegin.o
LOAD /Applications/ArmGNUToolchain/12.2.mpacbti-rel1/arm-none-eabi/bin/../lib/gcc/arm-none-eabi/12.2.1/../../../../arm-none-eabi/lib/thumb/v7e-m+fp/hard/crt0.o
LOAD build/system_gd32f4xx.o
LOAD build/gd32f470v_start.o
LOAD build/gd32f4xx_dbg.o
LOAD build/gd32f4xx_i2c.o
LOAD build/gd32f4xx_rcu.o
LOAD build/gd32f4xx_dci.o
LOAD build/gd32f4xx_fwdgt.o
LOAD build/gd32f4xx_ipa.o
LOAD build/gd32f4xx_gpio.o
LOAD build/gd32f4xx_rtc.o
LOAD build/gd32f4xx_timer.o
LOAD build/gd32f4xx_iref.o
LOAD build/gd32f4xx_pmu.o
LOAD build/gd32f4xx_spi.o
LOAD build/gd32f4xx_sdio.o
LOAD build/gd32f4xx_ctc.o
LOAD build/gd32f4xx_fmc.o
LOAD build/gd32f4xx_tli.o
LOAD build/gd32f4xx_trng.o
LOAD build/gd32f4xx_can.o
LOAD build/gd32f4xx_misc.o
LOAD build/gd32f4xx_crc.o
LOAD build/gd32f4xx_enet.o
LOAD build/gd32f4xx_syscfg.o
LOAD build/gd32f4xx_exmc.o
LOAD build/gd32f4xx_adc.o
LOAD build/gd32f4xx_dac.o
LOAD build/gd32f4xx_usart.o
LOAD build/gd32f4xx_dma.o
LOAD build/gd32f4xx_exti.o
LOAD build/gd32f4xx_wwdgt.o
LOAD build/bsp_led.o
LOAD build/sys.o
LOAD build/systick.o
LOAD build/main.o
LOAD build/gd32f4xx_it.o
LOAD build/startup_gd32f4xx.o
LOAD /Applications/ArmGNUToolchain/12.2.mpacbti-rel1/arm-none-eabi/bin/../lib/gcc/arm-none-eabi/12.2.1/../../../../arm-none-eabi/lib/thumb/v7e-m+fp/hard/libc_nano.a
LOAD /Applications/ArmGNUToolchain/12.2.mpacbti-rel1/arm-none-eabi/bin/../lib/gcc/arm-none-eabi/12.2.1/../../../../arm-none-eabi/lib/thumb/v7e-m+fp/hard/libm.a
LOAD /Applications/ArmGNUToolchain/12.2.mpacbti-rel1/arm-none-eabi/bin/../lib/gcc/arm-none-eabi/12.2.1/../../../../arm-none-eabi/lib/thumb/v7e-m+fp/hard/libnosys.a
START GROUP
LOAD /Applications/ArmGNUToolchain/12.2.mpacbti-rel1/arm-none-eabi/bin/../lib/gcc/arm-none-eabi/12.2.1/thumb/v7e-m+fp/hard/libgcc.a
LOAD /Applications/ArmGNUToolchain/12.2.mpacbti-rel1/arm-none-eabi/bin/../lib/gcc/arm-none-eabi/12.2.1/../../../../arm-none-eabi/lib/thumb/v7e-m+fp/hard/libc_nano.a
END GROUP
START GROUP
LOAD /Applications/ArmGNUToolchain/12.2.mpacbti-rel1/arm-none-eabi/bin/../lib/gcc/arm-none-eabi/12.2.1/thumb/v7e-m+fp/hard/libgcc.a
LOAD /Applications/ArmGNUToolchain/12.2.mpacbti-rel1/arm-none-eabi/bin/../lib/gcc/arm-none-eabi/12.2.1/../../../../arm-none-eabi/lib/thumb/v7e-m+fp/hard/libc_nano.a
END GROUP
LOAD /Applications/ArmGNUToolchain/12.2.mpacbti-rel1/arm-none-eabi/bin/../lib/gcc/arm-none-eabi/12.2.1/thumb/v7e-m+fp/hard/crtend.o
LOAD /Applications/ArmGNUToolchain/12.2.mpacbti-rel1/arm-none-eabi/bin/../lib/gcc/arm-none-eabi/12.2.1/thumb/v7e-m+fp/hard/crtn.o
                0x00000200                        _system_stack_size = 0x200

.text           0x08000000      0x5d8
                0x08000000                        . = ALIGN (0x4)
                0x08000000                        _stext = .
 *(.isr_vector)
 .isr_vector    0x08000000      0x1ac build/startup_gd32f4xx.o
                0x08000000                g_pfnVectors
                0x080001ac                        . = ALIGN (0x4)
 *(.text)
 *(.text.*)
 .text.system_clock_200m_25m_hxtal
                0x080001ac       0xe8 build/system_gd32f4xx.o
 .text.system_clock_config
                0x08000294        0x8 build/system_gd32f4xx.o
 .text.SystemInit
                0x0800029c       0xc0 build/system_gd32f4xx.o
                0x0800029c                SystemInit
 .text.rcu_periph_clock_enable
                0x0800035c       0x1a build/gd32f4xx_rcu.o
                0x0800035c                rcu_periph_clock_enable
 .text.gpio_mode_set
                0x08000376       0x52 build/gd32f4xx_gpio.o
                0x08000376                gpio_mode_set
 .text.gpio_output_options_set
                0x080003c8       0x50 build/gd32f4xx_gpio.o
                0x080003c8                gpio_output_options_set
 .text.led_gpio_config
                0x08000418       0x9c build/bsp_led.o
                0x08000418                led_gpio_config
 .text.systick_config
                0x080004b4       0x40 build/systick.o
                0x080004b4                systick_config
 .text.delay_1ms
                0x080004f4       0x14 build/systick.o
                0x080004f4                delay_1ms
 .text.delay_decrement
                0x08000508       0x14 build/systick.o
                0x08000508                delay_decrement
 .text.main     0x0800051c       0x50 build/main.o
                0x0800051c                main
 .text.NMI_Handler
                0x0800056c        0x2 build/gd32f4xx_it.o
                0x0800056c                NMI_Handler
 .text.HardFault_Handler
                0x0800056e        0x2 build/gd32f4xx_it.o
                0x0800056e                HardFault_Handler
 .text.MemManage_Handler
                0x08000570        0x2 build/gd32f4xx_it.o
                0x08000570                MemManage_Handler
 .text.BusFault_Handler
                0x08000572        0x2 build/gd32f4xx_it.o
                0x08000572                BusFault_Handler
 .text.UsageFault_Handler
                0x08000574        0x2 build/gd32f4xx_it.o
                0x08000574                UsageFault_Handler
 .text.SVC_Handler
                0x08000576        0x2 build/gd32f4xx_it.o
                0x08000576                SVC_Handler
 .text.DebugMon_Handler
                0x08000578        0x2 build/gd32f4xx_it.o
                0x08000578                DebugMon_Handler
 .text.PendSV_Handler
                0x0800057a        0x2 build/gd32f4xx_it.o
                0x0800057a                PendSV_Handler
 .text.SysTick_Handler
                0x0800057c        0x8 build/gd32f4xx_it.o
                0x0800057c                SysTick_Handler
 .text.Reset_Handler
                0x08000584       0x50 build/startup_gd32f4xx.o
                0x08000584                Reset_Handler
 .text.Default_Handler
                0x080005d4        0x2 build/startup_gd32f4xx.o
                0x080005d4                USBHS_EP1_Out_IRQHandler
                0x080005d4                EXTI2_IRQHandler
                0x080005d4                TIMER2_IRQHandler
                0x080005d4                LVD_IRQHandler
                0x080005d4                SPI4_IRQHandler
                0x080005d4                CAN1_EWMC_IRQHandler
                0x080005d4                TIMER7_UP_TIMER12_IRQHandler
                0x080005d4                SDIO_IRQHandler
                0x080005d4                EXTI3_IRQHandler
                0x080005d4                DCI_IRQHandler
                0x080005d4                USBFS_WKUP_IRQHandler
                0x080005d4                USBHS_IRQHandler
                0x080005d4                IPA_IRQHandler
                0x080005d4                TIMER5_DAC_IRQHandler
                0x080005d4                TIMER0_TRG_CMT_TIMER10_IRQHandler
                0x080005d4                USBFS_IRQHandler
                0x080005d4                TIMER3_IRQHandler
                0x080005d4                DMA0_Channel6_IRQHandler
                0x080005d4                I2C0_EV_IRQHandler
                0x080005d4                EXTI0_IRQHandler
                0x080005d4                I2C2_EV_IRQHandler
                0x080005d4                CAN1_RX0_IRQHandler
                0x080005d4                FPU_IRQHandler
                0x080005d4                TIMER7_TRG_CMT_TIMER13_IRQHandler
                0x080005d4                TIMER4_IRQHandler
                0x080005d4                SPI1_IRQHandler
                0x080005d4                DMA0_Channel0_IRQHandler
                0x080005d4                USART5_IRQHandler
                0x080005d4                TIMER0_BRK_TIMER8_IRQHandler
                0x080005d4                DMA1_Channel0_IRQHandler
                0x080005d4                TIMER7_BRK_TIMER11_IRQHandler
                0x080005d4                TIMER7_CC_IRQHandler
                0x080005d4                TIMER6_IRQHandler
                0x080005d4                DMA1_Channel4_IRQHandler
                0x080005d4                DMA0_Channel3_IRQHandler
                0x080005d4                I2C0_ER_IRQHandler
                0x080005d4                TLI_IRQHandler
                0x080005d4                TIMER0_UP_TIMER9_IRQHandler
                0x080005d4                TIMER0_CC_IRQHandler
                0x080005d4                DMA1_Channel7_IRQHandler
                0x080005d4                CAN1_RX1_IRQHandler
                0x080005d4                DMA0_Channel2_IRQHandler
                0x080005d4                USART0_IRQHandler
                0x080005d4                TIMER1_IRQHandler
                0x080005d4                I2C1_EV_IRQHandler
                0x080005d4                DMA1_Channel6_IRQHandler
                0x080005d4                UART4_IRQHandler
                0x080005d4                EXTI10_15_IRQHandler
                0x080005d4                DMA1_Channel1_IRQHandler
                0x080005d4                Default_Handler
                0x080005d4                DMA0_Channel7_IRQHandler
                0x080005d4                ADC_IRQHandler
                0x080005d4                CAN0_TX_IRQHandler
                0x080005d4                WWDGT_IRQHandler
                0x080005d4                EXMC_IRQHandler
                0x080005d4                SPI5_IRQHandler
                0x080005d4                TAMPER_STAMP_IRQHandler
                0x080005d4                RTC_WKUP_IRQHandler
                0x080005d4                SPI2_IRQHandler
                0x080005d4                CAN1_TX_IRQHandler
                0x080005d4                RCU_CTC_IRQHandler
                0x080005d4                DMA1_Channel5_IRQHandler
                0x080005d4                EXTI4_IRQHandler
                0x080005d4                CAN0_RX1_IRQHandler
                0x080005d4                DMA0_Channel5_IRQHandler
                0x080005d4                DMA1_Channel3_IRQHandler
                0x080005d4                EXTI5_9_IRQHandler
                0x080005d4                DMA0_Channel1_IRQHandler
                0x080005d4                EXTI1_IRQHandler
                0x080005d4                ENET_WKUP_IRQHandler
                0x080005d4                USBHS_EP1_In_IRQHandler
                0x080005d4                SPI0_IRQHandler
                0x080005d4                UART7_IRQHandler
                0x080005d4                USART2_IRQHandler
                0x080005d4                UART6_IRQHandler
                0x080005d4                CAN0_EWMC_IRQHandler
                0x080005d4                CAN0_RX0_IRQHandler
                0x080005d4                I2C2_ER_IRQHandler
                0x080005d4                DMA1_Channel2_IRQHandler
                0x080005d4                TLI_ER_IRQHandler
                0x080005d4                USART1_IRQHandler
                0x080005d4                SPI3_IRQHandler
                0x080005d4                UART3_IRQHandler
                0x080005d4                I2C1_ER_IRQHandler
                0x080005d4                FMC_IRQHandler
                0x080005d4                USBHS_WKUP_IRQHandler
                0x080005d4                DMA0_Channel4_IRQHandler
                0x080005d4                TRNG_IRQHandler
                0x080005d4                ENET_IRQHandler
                0x080005d4                RTC_Alarm_IRQHandler
 *(.rodata)
 *(.rodata*)
 *(.glue_7)
 .glue_7        0x080005d6        0x0 linker stubs
 *(.glue_7t)
 .glue_7t       0x080005d6        0x0 linker stubs
 *(.gnu.linkonce.t*)
                0x080005d8                        . = ALIGN (0x4)
 *fill*         0x080005d6        0x2 00000000
                0x080005d8                        __fsymtab_start = .
 *(FSymTab)
                0x080005d8                        __fsymtab_end = .
                0x080005d8                        . = ALIGN (0x4)
                0x080005d8                        __vsymtab_start = .
 *(VSymTab)
                0x080005d8                        __vsymtab_end = .
                0x080005d8                        . = ALIGN (0x4)
                0x080005d8                        . = ALIGN (0x4)
                0x080005d8                        __rt_init_start = .
 *(SORT_BY_NAME(.rti_fn*))
                0x080005d8                        __rt_init_end = .
                0x080005d8                        . = ALIGN (0x4)
                0x080005d8                        . = ALIGN (0x4)
                0x080005d8                        _etext = .
                0x080005d8                        __exidx_start = .

.vfp11_veneer   0x080005d8        0x0
 .vfp11_veneer  0x080005d8        0x0 linker stubs

.v4_bx          0x080005d8        0x0
 .v4_bx         0x080005d8        0x0 linker stubs

.init           0x080005d8        0x4
 .init          0x080005d8        0x4 /Applications/ArmGNUToolchain/12.2.mpacbti-rel1/arm-none-eabi/bin/../lib/gcc/arm-none-eabi/12.2.1/thumb/v7e-m+fp/hard/crti.o
                0x080005d8                _init

.fini           0x080005dc        0x4
 .fini          0x080005dc        0x4 /Applications/ArmGNUToolchain/12.2.mpacbti-rel1/arm-none-eabi/bin/../lib/gcc/arm-none-eabi/12.2.1/thumb/v7e-m+fp/hard/crti.o
                0x080005dc                _fini

.iplt           0x080005e0        0x0
 .iplt          0x080005e0        0x0 build/system_gd32f4xx.o

.rel.dyn        0x080005e0        0x0
 .rel.iplt      0x080005e0        0x0 build/system_gd32f4xx.o

.ARM.exidx      0x080005e0        0x0
 *(.ARM.exidx* .gnu.linkonce.armexidx.*)
                0x080005e0                        _sidata = .
                0x080005e0                        __exidx_end = .

.data           0x20000000        0x4 load address 0x080005e0
                0x20000000                        . = ALIGN (0x4)
                0x20000000                        _sdata = .
 *(.data)
 *(.data.*)
 .data.SystemCoreClock
                0x20000000        0x4 build/system_gd32f4xx.o
                0x20000000                SystemCoreClock
 *(.gnu.linkonce.d*)
                0x20000004                        . = ALIGN (0x4)
                0x20000004                        _edata = .

.igot.plt       0x20000004        0x0 load address 0x080005e4
 .igot.plt      0x20000004        0x0 build/system_gd32f4xx.o

.stack          0x20000004      0x200 load address 0x080005e4
                0x20000204                        . = (. + _system_stack_size)
 *fill*         0x20000004      0x200 
                0x20000204                        . = ALIGN (0x4)
                0x20000204                        _estack = .
                0x20000204                        __bss_start = .

.bss            0x20000204        0x4 load address 0x080007e4
                0x20000204                        . = ALIGN (0x4)
                0x20000204                        _sbss = .
 *(.bss)
 *(.bss.*)
 .bss.delay     0x20000204        0x4 build/systick.o
 *(COMMON)
                0x20000208                        . = ALIGN (0x4)
                0x20000208                        _ebss = .
 *(.bss.init)
                0x20000208                        __bss_end = .
                0x20000208                        _end = .
                0x20000208                        __head_start = .

.heap           0x20000208     0x2000 load address 0x080007e8
                0x20000208                        . = ALIGN (0x4)
                0x20000208                        __HEAP_START = .
                0x20002208                        . = (. + 0x2000)
 *fill*         0x20000208     0x2000 
                0x20002208                        __HEAP_END = .
                0x20002208                        end = __HEAP_END
                [!provide]                        PROVIDE (end = .)
                0x20002208                        __head_end = .

.stab
 *(.stab)

.stabstr
 *(.stabstr)

.stab.excl
 *(.stab.excl)

.stab.exclstr
 *(.stab.exclstr)

.stab.index
 *(.stab.index)

.stab.indexstr
 *(.stab.indexstr)

.comment        0x00000000       0x55
 *(.comment)
 .comment       0x00000000       0x55 build/system_gd32f4xx.o
                                 0x56 (size before relaxing)
 .comment       0x00000055       0x56 build/gd32f4xx_rcu.o
 .comment       0x00000055       0x56 build/gd32f4xx_gpio.o
 .comment       0x00000055       0x56 build/bsp_led.o
 .comment       0x00000055       0x56 build/systick.o
 .comment       0x00000055       0x56 build/main.o
 .comment       0x00000055       0x56 build/gd32f4xx_it.o

.ARM.attributes
                0x00000000       0x30
 .ARM.attributes
                0x00000000       0x22 /Applications/ArmGNUToolchain/12.2.mpacbti-rel1/arm-none-eabi/bin/../lib/gcc/arm-none-eabi/12.2.1/thumb/v7e-m+fp/hard/crti.o
 .ARM.attributes
                0x00000022       0x34 build/system_gd32f4xx.o
 .ARM.attributes
                0x00000056       0x34 build/gd32f4xx_rcu.o
 .ARM.attributes
                0x0000008a       0x34 build/gd32f4xx_gpio.o
 .ARM.attributes
                0x000000be       0x34 build/bsp_led.o
 .ARM.attributes
                0x000000f2       0x34 build/systick.o
 .ARM.attributes
                0x00000126       0x34 build/main.o
 .ARM.attributes
                0x0000015a       0x34 build/gd32f4xx_it.o
 .ARM.attributes
                0x0000018e       0x21 build/startup_gd32f4xx.o

.debug
 *(.debug)

.line
 *(.line)

.debug_srcinfo
 *(.debug_srcinfo)

.debug_sfnames
 *(.debug_sfnames)

.debug_aranges  0x00000000      0x350
 *(.debug_aranges)
 .debug_aranges
                0x00000000       0x38 build/system_gd32f4xx.o
 .debug_aranges
                0x00000038      0x190 build/gd32f4xx_rcu.o
 .debug_aranges
                0x000001c8       0x90 build/gd32f4xx_gpio.o
 .debug_aranges
                0x00000258       0x20 build/bsp_led.o
 .debug_aranges
                0x00000278       0x30 build/systick.o
 .debug_aranges
                0x000002a8       0x20 build/main.o
 .debug_aranges
                0x000002c8       0x60 build/gd32f4xx_it.o
 .debug_aranges
                0x00000328       0x28 build/startup_gd32f4xx.o

.debug_pubnames
 *(.debug_pubnames)

.debug_info     0x00000000     0x3840
 *(.debug_info .gnu.linkonce.wi.*)
 .debug_info    0x00000000      0x499 build/system_gd32f4xx.o
 .debug_info    0x00000499     0x160d build/gd32f4xx_rcu.o
 .debug_info    0x00001aa6      0x8b7 build/gd32f4xx_gpio.o
 .debug_info    0x0000235d      0x499 build/bsp_led.o
 .debug_info    0x000027f6      0x843 build/systick.o
 .debug_info    0x00003039      0x12a build/main.o
 .debug_info    0x00003163      0x15e build/gd32f4xx_it.o
 .debug_info    0x000032c1      0x57f build/startup_gd32f4xx.o

.debug_abbrev   0x00000000      0x9a6
 *(.debug_abbrev)
 .debug_abbrev  0x00000000      0x1a5 build/system_gd32f4xx.o
 .debug_abbrev  0x000001a5      0x207 build/gd32f4xx_rcu.o
 .debug_abbrev  0x000003ac      0x21c build/gd32f4xx_gpio.o
 .debug_abbrev  0x000005c8       0xc0 build/bsp_led.o
 .debug_abbrev  0x00000688      0x1ca build/systick.o
 .debug_abbrev  0x00000852       0xb5 build/main.o
 .debug_abbrev  0x00000907       0x80 build/gd32f4xx_it.o
 .debug_abbrev  0x00000987       0x1f build/startup_gd32f4xx.o

.debug_line     0x00000000     0x1fd7
 *(.debug_line)
 .debug_line    0x00000000      0x56b build/system_gd32f4xx.o
 .debug_line    0x0000056b      0xcf7 build/gd32f4xx_rcu.o
 .debug_line    0x00001262      0x5c7 build/gd32f4xx_gpio.o
 .debug_line    0x00001829      0x18d build/bsp_led.o
 .debug_line    0x000019b6      0x2de build/systick.o
 .debug_line    0x00001c94      0x18a build/main.o
 .debug_line    0x00001e1e      0x132 build/gd32f4xx_it.o
 .debug_line    0x00001f50       0x87 build/startup_gd32f4xx.o

.debug_frame    0x00000000      0x618
 *(.debug_frame)
 .debug_frame   0x00000000       0x70 build/system_gd32f4xx.o
 .debug_frame   0x00000070      0x33c build/gd32f4xx_rcu.o
 .debug_frame   0x000003ac      0x12c build/gd32f4xx_gpio.o
 .debug_frame   0x000004d8       0x30 build/bsp_led.o
 .debug_frame   0x00000508       0x40 build/systick.o
 .debug_frame   0x00000548       0x28 build/main.o
 .debug_frame   0x00000570       0xa8 build/gd32f4xx_it.o

.debug_str      0x00000000     0x2822
 *(.debug_str)
 .debug_str     0x00000000      0x311 build/system_gd32f4xx.o
                                0x36c (size before relaxing)
 .debug_str     0x00000311     0x14d2 build/gd32f4xx_rcu.o
                               0x16e6 (size before relaxing)
 .debug_str     0x000017e3      0x1b7 build/gd32f4xx_gpio.o
                                0x6fb (size before relaxing)
 .debug_str     0x0000199a       0x1a build/bsp_led.o
                                0x4e7 (size before relaxing)
 .debug_str     0x000019b4      0x672 build/systick.o
                                0x903 (size before relaxing)
 .debug_str     0x00002026        0xc build/main.o
                                0x1e8 (size before relaxing)
 .debug_str     0x00002032       0x9e build/gd32f4xx_it.o
                                0x24d (size before relaxing)
 .debug_str     0x000020d0      0x752 build/startup_gd32f4xx.o
                                0x83f (size before relaxing)

.debug_loc      0x00000000     0x14e9
 *(.debug_loc)
 .debug_loc     0x00000000      0x1e0 build/system_gd32f4xx.o
 .debug_loc     0x000001e0      0xe1d build/gd32f4xx_rcu.o
 .debug_loc     0x00000ffd      0x3fc build/gd32f4xx_gpio.o
 .debug_loc     0x000013f9       0x20 build/bsp_led.o
 .debug_loc     0x00001419       0x90 build/systick.o
 .debug_loc     0x000014a9       0x20 build/main.o
 .debug_loc     0x000014c9       0x20 build/gd32f4xx_it.o

.debug_macinfo
 *(.debug_macinfo)

.debug_weaknames
 *(.debug_weaknames)

.debug_funcnames
 *(.debug_funcnames)

.debug_typenames
 *(.debug_typenames)

.debug_varnames
 *(.debug_varnames)
OUTPUT(build/GD32F470.elf elf32-littlearm)
LOAD linker stubs

.debug_ranges   0x00000000      0x2d8
 .debug_ranges  0x00000000       0x28 build/system_gd32f4xx.o
 .debug_ranges  0x00000028      0x180 build/gd32f4xx_rcu.o
 .debug_ranges  0x000001a8       0x80 build/gd32f4xx_gpio.o
 .debug_ranges  0x00000228       0x10 build/bsp_led.o
 .debug_ranges  0x00000238       0x20 build/systick.o
 .debug_ranges  0x00000258       0x10 build/main.o
 .debug_ranges  0x00000268       0x50 build/gd32f4xx_it.o
 .debug_ranges  0x000002b8       0x20 build/startup_gd32f4xx.o

Cross Reference Table

Symbol                                            File
ADC_IRQHandler                                    build/startup_gd32f4xx.o
BusFault_Handler                                  build/gd32f4xx_it.o
CAN0_EWMC_IRQHandler                              build/startup_gd32f4xx.o
CAN0_RX0_IRQHandler                               build/startup_gd32f4xx.o
CAN0_RX1_IRQHandler                               build/startup_gd32f4xx.o
CAN0_TX_IRQHandler                                build/startup_gd32f4xx.o
CAN1_EWMC_IRQHandler                              build/startup_gd32f4xx.o
CAN1_RX0_IRQHandler                               build/startup_gd32f4xx.o
CAN1_RX1_IRQHandler                               build/startup_gd32f4xx.o
CAN1_TX_IRQHandler                                build/startup_gd32f4xx.o
DCI_IRQHandler                                    build/startup_gd32f4xx.o
DMA0_Channel0_IRQHandler                          build/startup_gd32f4xx.o
DMA0_Channel1_IRQHandler                          build/startup_gd32f4xx.o
DMA0_Channel2_IRQHandler                          build/startup_gd32f4xx.o
DMA0_Channel3_IRQHandler                          build/startup_gd32f4xx.o
DMA0_Channel4_IRQHandler                          build/startup_gd32f4xx.o
DMA0_Channel5_IRQHandler                          build/startup_gd32f4xx.o
DMA0_Channel6_IRQHandler                          build/startup_gd32f4xx.o
DMA0_Channel7_IRQHandler                          build/startup_gd32f4xx.o
DMA1_Channel0_IRQHandler                          build/startup_gd32f4xx.o
DMA1_Channel1_IRQHandler                          build/startup_gd32f4xx.o
DMA1_Channel2_IRQHandler                          build/startup_gd32f4xx.o
DMA1_Channel3_IRQHandler                          build/startup_gd32f4xx.o
DMA1_Channel4_IRQHandler                          build/startup_gd32f4xx.o
DMA1_Channel5_IRQHandler                          build/startup_gd32f4xx.o
DMA1_Channel6_IRQHandler                          build/startup_gd32f4xx.o
DMA1_Channel7_IRQHandler                          build/startup_gd32f4xx.o
DebugMon_Handler                                  build/gd32f4xx_it.o
Default_Handler                                   build/startup_gd32f4xx.o
ENET_IRQHandler                                   build/startup_gd32f4xx.o
ENET_WKUP_IRQHandler                              build/startup_gd32f4xx.o
EXMC_IRQHandler                                   build/startup_gd32f4xx.o
EXTI0_IRQHandler                                  build/startup_gd32f4xx.o
EXTI10_15_IRQHandler                              build/startup_gd32f4xx.o
EXTI1_IRQHandler                                  build/startup_gd32f4xx.o
EXTI2_IRQHandler                                  build/startup_gd32f4xx.o
EXTI3_IRQHandler                                  build/startup_gd32f4xx.o
EXTI4_IRQHandler                                  build/startup_gd32f4xx.o
EXTI5_9_IRQHandler                                build/startup_gd32f4xx.o
FMC_IRQHandler                                    build/startup_gd32f4xx.o
FPU_IRQHandler                                    build/startup_gd32f4xx.o
HardFault_Handler                                 build/gd32f4xx_it.o
                                                  build/startup_gd32f4xx.o
I2C0_ER_IRQHandler                                build/startup_gd32f4xx.o
I2C0_EV_IRQHandler                                build/startup_gd32f4xx.o
I2C1_ER_IRQHandler                                build/startup_gd32f4xx.o
I2C1_EV_IRQHandler                                build/startup_gd32f4xx.o
I2C2_ER_IRQHandler                                build/startup_gd32f4xx.o
I2C2_EV_IRQHandler                                build/startup_gd32f4xx.o
IPA_IRQHandler                                    build/startup_gd32f4xx.o
LVD_IRQHandler                                    build/startup_gd32f4xx.o
MemManage_Handler                                 build/gd32f4xx_it.o
NMI_Handler                                       build/gd32f4xx_it.o
PendSV_Handler                                    build/gd32f4xx_it.o
RCU_CTC_IRQHandler                                build/startup_gd32f4xx.o
RTC_Alarm_IRQHandler                              build/startup_gd32f4xx.o
RTC_WKUP_IRQHandler                               build/startup_gd32f4xx.o
Reset_Handler                                     build/startup_gd32f4xx.o
SDIO_IRQHandler                                   build/startup_gd32f4xx.o
SPI0_IRQHandler                                   build/startup_gd32f4xx.o
SPI1_IRQHandler                                   build/startup_gd32f4xx.o
SPI2_IRQHandler                                   build/startup_gd32f4xx.o
SPI3_IRQHandler                                   build/startup_gd32f4xx.o
SPI4_IRQHandler                                   build/startup_gd32f4xx.o
SPI5_IRQHandler                                   build/startup_gd32f4xx.o
SVC_Handler                                       build/gd32f4xx_it.o
SysTick_Handler                                   build/gd32f4xx_it.o
SystemCoreClock                                   build/system_gd32f4xx.o
                                                  build/systick.o
SystemCoreClockUpdate                             build/system_gd32f4xx.o
SystemInit                                        build/system_gd32f4xx.o
                                                  build/startup_gd32f4xx.o
TAMPER_STAMP_IRQHandler                           build/startup_gd32f4xx.o
TIMER0_BRK_TIMER8_IRQHandler                      build/startup_gd32f4xx.o
TIMER0_CC_IRQHandler                              build/startup_gd32f4xx.o
TIMER0_TRG_CMT_TIMER10_IRQHandler                 build/startup_gd32f4xx.o
TIMER0_UP_TIMER9_IRQHandler                       build/startup_gd32f4xx.o
TIMER1_IRQHandler                                 build/startup_gd32f4xx.o
TIMER2_IRQHandler                                 build/startup_gd32f4xx.o
TIMER3_IRQHandler                                 build/startup_gd32f4xx.o
TIMER4_IRQHandler                                 build/startup_gd32f4xx.o
TIMER5_DAC_IRQHandler                             build/startup_gd32f4xx.o
TIMER6_IRQHandler                                 build/startup_gd32f4xx.o
TIMER7_BRK_TIMER11_IRQHandler                     build/startup_gd32f4xx.o
TIMER7_CC_IRQHandler                              build/startup_gd32f4xx.o
TIMER7_TRG_CMT_TIMER13_IRQHandler                 build/startup_gd32f4xx.o
TIMER7_UP_TIMER12_IRQHandler                      build/startup_gd32f4xx.o
TLI_ER_IRQHandler                                 build/startup_gd32f4xx.o
TLI_IRQHandler                                    build/startup_gd32f4xx.o
TRNG_IRQHandler                                   build/startup_gd32f4xx.o
UART3_IRQHandler                                  build/startup_gd32f4xx.o
UART4_IRQHandler                                  build/startup_gd32f4xx.o
UART6_IRQHandler                                  build/startup_gd32f4xx.o
UART7_IRQHandler                                  build/startup_gd32f4xx.o
USART0_IRQHandler                                 build/startup_gd32f4xx.o
USART1_IRQHandler                                 build/startup_gd32f4xx.o
USART2_IRQHandler                                 build/startup_gd32f4xx.o
USART5_IRQHandler                                 build/startup_gd32f4xx.o
USBFS_IRQHandler                                  build/startup_gd32f4xx.o
USBFS_WKUP_IRQHandler                             build/startup_gd32f4xx.o
USBHS_EP1_In_IRQHandler                           build/startup_gd32f4xx.o
USBHS_EP1_Out_IRQHandler                          build/startup_gd32f4xx.o
USBHS_IRQHandler                                  build/startup_gd32f4xx.o
USBHS_WKUP_IRQHandler                             build/startup_gd32f4xx.o
UsageFault_Handler                                build/gd32f4xx_it.o
WWDGT_IRQHandler                                  build/startup_gd32f4xx.o
_ITM_deregisterTMCloneTable                       /Applications/ArmGNUToolchain/12.2.mpacbti-rel1/arm-none-eabi/bin/../lib/gcc/arm-none-eabi/12.2.1/thumb/v7e-m+fp/hard/crtbegin.o
_ITM_registerTMCloneTable                         /Applications/ArmGNUToolchain/12.2.mpacbti-rel1/arm-none-eabi/bin/../lib/gcc/arm-none-eabi/12.2.1/thumb/v7e-m+fp/hard/crtbegin.o
__TMC_END__                                       /Applications/ArmGNUToolchain/12.2.mpacbti-rel1/arm-none-eabi/bin/../lib/gcc/arm-none-eabi/12.2.1/thumb/v7e-m+fp/hard/crtend.o
                                                  /Applications/ArmGNUToolchain/12.2.mpacbti-rel1/arm-none-eabi/bin/../lib/gcc/arm-none-eabi/12.2.1/thumb/v7e-m+fp/hard/crtbegin.o
__bss_end                                         build/startup_gd32f4xx.o
__bss_end__                                       /Applications/ArmGNUToolchain/12.2.mpacbti-rel1/arm-none-eabi/bin/../lib/gcc/arm-none-eabi/12.2.1/../../../../arm-none-eabi/lib/thumb/v7e-m+fp/hard/crt0.o
__bss_start                                       build/startup_gd32f4xx.o
__bss_start__                                     /Applications/ArmGNUToolchain/12.2.mpacbti-rel1/arm-none-eabi/bin/../lib/gcc/arm-none-eabi/12.2.1/../../../../arm-none-eabi/lib/thumb/v7e-m+fp/hard/crt0.o
__call_exitprocs                                  /Applications/ArmGNUToolchain/12.2.mpacbti-rel1/arm-none-eabi/bin/../lib/gcc/arm-none-eabi/12.2.1/../../../../arm-none-eabi/lib/thumb/v7e-m+fp/hard/libc_nano.a(libc_a-exit.o)
__deregister_frame_info                           /Applications/ArmGNUToolchain/12.2.mpacbti-rel1/arm-none-eabi/bin/../lib/gcc/arm-none-eabi/12.2.1/thumb/v7e-m+fp/hard/crtbegin.o
__dso_handle                                      /Applications/ArmGNUToolchain/12.2.mpacbti-rel1/arm-none-eabi/bin/../lib/gcc/arm-none-eabi/12.2.1/thumb/v7e-m+fp/hard/crtbegin.o
__fp_lock_all                                     /Applications/ArmGNUToolchain/12.2.mpacbti-rel1/arm-none-eabi/bin/../lib/gcc/arm-none-eabi/12.2.1/../../../../arm-none-eabi/lib/thumb/v7e-m+fp/hard/libc_nano.a(libc_a-findfp.o)
__fp_unlock_all                                   /Applications/ArmGNUToolchain/12.2.mpacbti-rel1/arm-none-eabi/bin/../lib/gcc/arm-none-eabi/12.2.1/../../../../arm-none-eabi/lib/thumb/v7e-m+fp/hard/libc_nano.a(libc_a-findfp.o)
__init_array_end                                  /Applications/ArmGNUToolchain/12.2.mpacbti-rel1/arm-none-eabi/bin/../lib/gcc/arm-none-eabi/12.2.1/../../../../arm-none-eabi/lib/thumb/v7e-m+fp/hard/libc_nano.a(libc_a-init.o)
__init_array_start                                /Applications/ArmGNUToolchain/12.2.mpacbti-rel1/arm-none-eabi/bin/../lib/gcc/arm-none-eabi/12.2.1/../../../../arm-none-eabi/lib/thumb/v7e-m+fp/hard/libc_nano.a(libc_a-init.o)
__libc_fini_array                                 /Applications/ArmGNUToolchain/12.2.mpacbti-rel1/arm-none-eabi/bin/../lib/gcc/arm-none-eabi/12.2.1/../../../../arm-none-eabi/lib/thumb/v7e-m+fp/hard/crt0.o
__libc_init_array                                 /Applications/ArmGNUToolchain/12.2.mpacbti-rel1/arm-none-eabi/bin/../lib/gcc/arm-none-eabi/12.2.1/../../../../arm-none-eabi/lib/thumb/v7e-m+fp/hard/libc_nano.a(libc_a-init.o)
                                                  /Applications/ArmGNUToolchain/12.2.mpacbti-rel1/arm-none-eabi/bin/../lib/gcc/arm-none-eabi/12.2.1/../../../../arm-none-eabi/lib/thumb/v7e-m+fp/hard/crt0.o
__lock___arc4random_mutex                         /Applications/ArmGNUToolchain/12.2.mpacbti-rel1/arm-none-eabi/bin/../lib/gcc/arm-none-eabi/12.2.1/../../../../arm-none-eabi/lib/thumb/v7e-m+fp/hard/libc_nano.a(libc_a-lock.o)
__lock___at_quick_exit_mutex                      /Applications/ArmGNUToolchain/12.2.mpacbti-rel1/arm-none-eabi/bin/../lib/gcc/arm-none-eabi/12.2.1/../../../../arm-none-eabi/lib/thumb/v7e-m+fp/hard/libc_nano.a(libc_a-lock.o)
__lock___atexit_recursive_mutex                   /Applications/ArmGNUToolchain/12.2.mpacbti-rel1/arm-none-eabi/bin/../lib/gcc/arm-none-eabi/12.2.1/../../../../arm-none-eabi/lib/thumb/v7e-m+fp/hard/libc_nano.a(libc_a-lock.o)
__lock___dd_hash_mutex                            /Applications/ArmGNUToolchain/12.2.mpacbti-rel1/arm-none-eabi/bin/../lib/gcc/arm-none-eabi/12.2.1/../../../../arm-none-eabi/lib/thumb/v7e-m+fp/hard/libc_nano.a(libc_a-lock.o)
__lock___env_recursive_mutex                      /Applications/ArmGNUToolchain/12.2.mpacbti-rel1/arm-none-eabi/bin/../lib/gcc/arm-none-eabi/12.2.1/../../../../arm-none-eabi/lib/thumb/v7e-m+fp/hard/libc_nano.a(libc_a-lock.o)
__lock___malloc_recursive_mutex                   /Applications/ArmGNUToolchain/12.2.mpacbti-rel1/arm-none-eabi/bin/../lib/gcc/arm-none-eabi/12.2.1/../../../../arm-none-eabi/lib/thumb/v7e-m+fp/hard/libc_nano.a(libc_a-lock.o)
                                                  /Applications/ArmGNUToolchain/12.2.mpacbti-rel1/arm-none-eabi/bin/../lib/gcc/arm-none-eabi/12.2.1/../../../../arm-none-eabi/lib/thumb/v7e-m+fp/hard/libc_nano.a(libc_a-mlock.o)
__lock___sfp_recursive_mutex                      /Applications/ArmGNUToolchain/12.2.mpacbti-rel1/arm-none-eabi/bin/../lib/gcc/arm-none-eabi/12.2.1/../../../../arm-none-eabi/lib/thumb/v7e-m+fp/hard/libc_nano.a(libc_a-lock.o)
                                                  /Applications/ArmGNUToolchain/12.2.mpacbti-rel1/arm-none-eabi/bin/../lib/gcc/arm-none-eabi/12.2.1/../../../../arm-none-eabi/lib/thumb/v7e-m+fp/hard/libc_nano.a(libc_a-findfp.o)
__lock___tz_mutex                                 /Applications/ArmGNUToolchain/12.2.mpacbti-rel1/arm-none-eabi/bin/../lib/gcc/arm-none-eabi/12.2.1/../../../../arm-none-eabi/lib/thumb/v7e-m+fp/hard/libc_nano.a(libc_a-lock.o)
__malloc_free_list                                /Applications/ArmGNUToolchain/12.2.mpacbti-rel1/arm-none-eabi/bin/../lib/gcc/arm-none-eabi/12.2.1/../../../../arm-none-eabi/lib/thumb/v7e-m+fp/hard/libc_nano.a(libc_a-mallocr.o)
                                                  /Applications/ArmGNUToolchain/12.2.mpacbti-rel1/arm-none-eabi/bin/../lib/gcc/arm-none-eabi/12.2.1/../../../../arm-none-eabi/lib/thumb/v7e-m+fp/hard/libc_nano.a(libc_a-freer.o)
__malloc_lock                                     /Applications/ArmGNUToolchain/12.2.mpacbti-rel1/arm-none-eabi/bin/../lib/gcc/arm-none-eabi/12.2.1/../../../../arm-none-eabi/lib/thumb/v7e-m+fp/hard/libc_nano.a(libc_a-mlock.o)
                                                  /Applications/ArmGNUToolchain/12.2.mpacbti-rel1/arm-none-eabi/bin/../lib/gcc/arm-none-eabi/12.2.1/../../../../arm-none-eabi/lib/thumb/v7e-m+fp/hard/libc_nano.a(libc_a-freer.o)
                                                  /Applications/ArmGNUToolchain/12.2.mpacbti-rel1/arm-none-eabi/bin/../lib/gcc/arm-none-eabi/12.2.1/../../../../arm-none-eabi/lib/thumb/v7e-m+fp/hard/libc_nano.a(libc_a-mallocr.o)
__malloc_sbrk_start                               /Applications/ArmGNUToolchain/12.2.mpacbti-rel1/arm-none-eabi/bin/../lib/gcc/arm-none-eabi/12.2.1/../../../../arm-none-eabi/lib/thumb/v7e-m+fp/hard/libc_nano.a(libc_a-mallocr.o)
__malloc_unlock                                   /Applications/ArmGNUToolchain/12.2.mpacbti-rel1/arm-none-eabi/bin/../lib/gcc/arm-none-eabi/12.2.1/../../../../arm-none-eabi/lib/thumb/v7e-m+fp/hard/libc_nano.a(libc_a-mlock.o)
                                                  /Applications/ArmGNUToolchain/12.2.mpacbti-rel1/arm-none-eabi/bin/../lib/gcc/arm-none-eabi/12.2.1/../../../../arm-none-eabi/lib/thumb/v7e-m+fp/hard/libc_nano.a(libc_a-freer.o)
                                                  /Applications/ArmGNUToolchain/12.2.mpacbti-rel1/arm-none-eabi/bin/../lib/gcc/arm-none-eabi/12.2.1/../../../../arm-none-eabi/lib/thumb/v7e-m+fp/hard/libc_nano.a(libc_a-mallocr.o)
__preinit_array_end                               /Applications/ArmGNUToolchain/12.2.mpacbti-rel1/arm-none-eabi/bin/../lib/gcc/arm-none-eabi/12.2.1/../../../../arm-none-eabi/lib/thumb/v7e-m+fp/hard/libc_nano.a(libc_a-init.o)
__preinit_array_start                             /Applications/ArmGNUToolchain/12.2.mpacbti-rel1/arm-none-eabi/bin/../lib/gcc/arm-none-eabi/12.2.1/../../../../arm-none-eabi/lib/thumb/v7e-m+fp/hard/libc_nano.a(libc_a-init.o)
__register_frame_info                             /Applications/ArmGNUToolchain/12.2.mpacbti-rel1/arm-none-eabi/bin/../lib/gcc/arm-none-eabi/12.2.1/thumb/v7e-m+fp/hard/crtbegin.o
__retarget_lock_acquire                           /Applications/ArmGNUToolchain/12.2.mpacbti-rel1/arm-none-eabi/bin/../lib/gcc/arm-none-eabi/12.2.1/../../../../arm-none-eabi/lib/thumb/v7e-m+fp/hard/libc_nano.a(libc_a-lock.o)
__retarget_lock_acquire_recursive                 /Applications/ArmGNUToolchain/12.2.mpacbti-rel1/arm-none-eabi/bin/../lib/gcc/arm-none-eabi/12.2.1/../../../../arm-none-eabi/lib/thumb/v7e-m+fp/hard/libc_nano.a(libc_a-lock.o)
                                                  /Applications/ArmGNUToolchain/12.2.mpacbti-rel1/arm-none-eabi/bin/../lib/gcc/arm-none-eabi/12.2.1/../../../../arm-none-eabi/lib/thumb/v7e-m+fp/hard/libc_nano.a(libc_a-mlock.o)
                                                  /Applications/ArmGNUToolchain/12.2.mpacbti-rel1/arm-none-eabi/bin/../lib/gcc/arm-none-eabi/12.2.1/../../../../arm-none-eabi/lib/thumb/v7e-m+fp/hard/libc_nano.a(libc_a-fflush.o)
                                                  /Applications/ArmGNUToolchain/12.2.mpacbti-rel1/arm-none-eabi/bin/../lib/gcc/arm-none-eabi/12.2.1/../../../../arm-none-eabi/lib/thumb/v7e-m+fp/hard/libc_nano.a(libc_a-findfp.o)
__retarget_lock_close                             /Applications/ArmGNUToolchain/12.2.mpacbti-rel1/arm-none-eabi/bin/../lib/gcc/arm-none-eabi/12.2.1/../../../../arm-none-eabi/lib/thumb/v7e-m+fp/hard/libc_nano.a(libc_a-lock.o)
__retarget_lock_close_recursive                   /Applications/ArmGNUToolchain/12.2.mpacbti-rel1/arm-none-eabi/bin/../lib/gcc/arm-none-eabi/12.2.1/../../../../arm-none-eabi/lib/thumb/v7e-m+fp/hard/libc_nano.a(libc_a-lock.o)
__retarget_lock_init                              /Applications/ArmGNUToolchain/12.2.mpacbti-rel1/arm-none-eabi/bin/../lib/gcc/arm-none-eabi/12.2.1/../../../../arm-none-eabi/lib/thumb/v7e-m+fp/hard/libc_nano.a(libc_a-lock.o)
__retarget_lock_init_recursive                    /Applications/ArmGNUToolchain/12.2.mpacbti-rel1/arm-none-eabi/bin/../lib/gcc/arm-none-eabi/12.2.1/../../../../arm-none-eabi/lib/thumb/v7e-m+fp/hard/libc_nano.a(libc_a-lock.o)
                                                  /Applications/ArmGNUToolchain/12.2.mpacbti-rel1/arm-none-eabi/bin/../lib/gcc/arm-none-eabi/12.2.1/../../../../arm-none-eabi/lib/thumb/v7e-m+fp/hard/libc_nano.a(libc_a-findfp.o)
__retarget_lock_release                           /Applications/ArmGNUToolchain/12.2.mpacbti-rel1/arm-none-eabi/bin/../lib/gcc/arm-none-eabi/12.2.1/../../../../arm-none-eabi/lib/thumb/v7e-m+fp/hard/libc_nano.a(libc_a-lock.o)
__retarget_lock_release_recursive                 /Applications/ArmGNUToolchain/12.2.mpacbti-rel1/arm-none-eabi/bin/../lib/gcc/arm-none-eabi/12.2.1/../../../../arm-none-eabi/lib/thumb/v7e-m+fp/hard/libc_nano.a(libc_a-lock.o)
                                                  /Applications/ArmGNUToolchain/12.2.mpacbti-rel1/arm-none-eabi/bin/../lib/gcc/arm-none-eabi/12.2.1/../../../../arm-none-eabi/lib/thumb/v7e-m+fp/hard/libc_nano.a(libc_a-mlock.o)
                                                  /Applications/ArmGNUToolchain/12.2.mpacbti-rel1/arm-none-eabi/bin/../lib/gcc/arm-none-eabi/12.2.1/../../../../arm-none-eabi/lib/thumb/v7e-m+fp/hard/libc_nano.a(libc_a-fflush.o)
                                                  /Applications/ArmGNUToolchain/12.2.mpacbti-rel1/arm-none-eabi/bin/../lib/gcc/arm-none-eabi/12.2.1/../../../../arm-none-eabi/lib/thumb/v7e-m+fp/hard/libc_nano.a(libc_a-findfp.o)
__retarget_lock_try_acquire                       /Applications/ArmGNUToolchain/12.2.mpacbti-rel1/arm-none-eabi/bin/../lib/gcc/arm-none-eabi/12.2.1/../../../../arm-none-eabi/lib/thumb/v7e-m+fp/hard/libc_nano.a(libc_a-lock.o)
__retarget_lock_try_acquire_recursive             /Applications/ArmGNUToolchain/12.2.mpacbti-rel1/arm-none-eabi/bin/../lib/gcc/arm-none-eabi/12.2.1/../../../../arm-none-eabi/lib/thumb/v7e-m+fp/hard/libc_nano.a(libc_a-lock.o)
__sclose                                          /Applications/ArmGNUToolchain/12.2.mpacbti-rel1/arm-none-eabi/bin/../lib/gcc/arm-none-eabi/12.2.1/../../../../arm-none-eabi/lib/thumb/v7e-m+fp/hard/libc_nano.a(libc_a-stdio.o)
                                                  /Applications/ArmGNUToolchain/12.2.mpacbti-rel1/arm-none-eabi/bin/../lib/gcc/arm-none-eabi/12.2.1/../../../../arm-none-eabi/lib/thumb/v7e-m+fp/hard/libc_nano.a(libc_a-findfp.o)
__seofread                                        /Applications/ArmGNUToolchain/12.2.mpacbti-rel1/arm-none-eabi/bin/../lib/gcc/arm-none-eabi/12.2.1/../../../../arm-none-eabi/lib/thumb/v7e-m+fp/hard/libc_nano.a(libc_a-stdio.o)
__sf                                              /Applications/ArmGNUToolchain/12.2.mpacbti-rel1/arm-none-eabi/bin/../lib/gcc/arm-none-eabi/12.2.1/../../../../arm-none-eabi/lib/thumb/v7e-m+fp/hard/libc_nano.a(libc_a-findfp.o)
                                                  /Applications/ArmGNUToolchain/12.2.mpacbti-rel1/arm-none-eabi/bin/../lib/gcc/arm-none-eabi/12.2.1/../../../../arm-none-eabi/lib/thumb/v7e-m+fp/hard/libc_nano.a(libc_a-impure.o)
__sflush_r                                        /Applications/ArmGNUToolchain/12.2.mpacbti-rel1/arm-none-eabi/bin/../lib/gcc/arm-none-eabi/12.2.1/../../../../arm-none-eabi/lib/thumb/v7e-m+fp/hard/libc_nano.a(libc_a-fflush.o)
__sfp                                             /Applications/ArmGNUToolchain/12.2.mpacbti-rel1/arm-none-eabi/bin/../lib/gcc/arm-none-eabi/12.2.1/../../../../arm-none-eabi/lib/thumb/v7e-m+fp/hard/libc_nano.a(libc_a-findfp.o)
__sfp_lock_acquire                                /Applications/ArmGNUToolchain/12.2.mpacbti-rel1/arm-none-eabi/bin/../lib/gcc/arm-none-eabi/12.2.1/../../../../arm-none-eabi/lib/thumb/v7e-m+fp/hard/libc_nano.a(libc_a-findfp.o)
__sfp_lock_release                                /Applications/ArmGNUToolchain/12.2.mpacbti-rel1/arm-none-eabi/bin/../lib/gcc/arm-none-eabi/12.2.1/../../../../arm-none-eabi/lib/thumb/v7e-m+fp/hard/libc_nano.a(libc_a-findfp.o)
__sglue                                           /Applications/ArmGNUToolchain/12.2.mpacbti-rel1/arm-none-eabi/bin/../lib/gcc/arm-none-eabi/12.2.1/../../../../arm-none-eabi/lib/thumb/v7e-m+fp/hard/libc_nano.a(libc_a-findfp.o)
                                                  /Applications/ArmGNUToolchain/12.2.mpacbti-rel1/arm-none-eabi/bin/../lib/gcc/arm-none-eabi/12.2.1/../../../../arm-none-eabi/lib/thumb/v7e-m+fp/hard/libc_nano.a(libc_a-fflush.o)
__sinit                                           /Applications/ArmGNUToolchain/12.2.mpacbti-rel1/arm-none-eabi/bin/../lib/gcc/arm-none-eabi/12.2.1/../../../../arm-none-eabi/lib/thumb/v7e-m+fp/hard/libc_nano.a(libc_a-findfp.o)
                                                  /Applications/ArmGNUToolchain/12.2.mpacbti-rel1/arm-none-eabi/bin/../lib/gcc/arm-none-eabi/12.2.1/../../../../arm-none-eabi/lib/thumb/v7e-m+fp/hard/libc_nano.a(libc_a-fflush.o)
__sread                                           /Applications/ArmGNUToolchain/12.2.mpacbti-rel1/arm-none-eabi/bin/../lib/gcc/arm-none-eabi/12.2.1/../../../../arm-none-eabi/lib/thumb/v7e-m+fp/hard/libc_nano.a(libc_a-stdio.o)
                                                  /Applications/ArmGNUToolchain/12.2.mpacbti-rel1/arm-none-eabi/bin/../lib/gcc/arm-none-eabi/12.2.1/../../../../arm-none-eabi/lib/thumb/v7e-m+fp/hard/libc_nano.a(libc_a-findfp.o)
__sseek                                           /Applications/ArmGNUToolchain/12.2.mpacbti-rel1/arm-none-eabi/bin/../lib/gcc/arm-none-eabi/12.2.1/../../../../arm-none-eabi/lib/thumb/v7e-m+fp/hard/libc_nano.a(libc_a-stdio.o)
                                                  /Applications/ArmGNUToolchain/12.2.mpacbti-rel1/arm-none-eabi/bin/../lib/gcc/arm-none-eabi/12.2.1/../../../../arm-none-eabi/lib/thumb/v7e-m+fp/hard/libc_nano.a(libc_a-findfp.o)
__stack                                           /Applications/ArmGNUToolchain/12.2.mpacbti-rel1/arm-none-eabi/bin/../lib/gcc/arm-none-eabi/12.2.1/../../../../arm-none-eabi/lib/thumb/v7e-m+fp/hard/crt0.o
__stdio_exit_handler                              /Applications/ArmGNUToolchain/12.2.mpacbti-rel1/arm-none-eabi/bin/../lib/gcc/arm-none-eabi/12.2.1/../../../../arm-none-eabi/lib/thumb/v7e-m+fp/hard/libc_nano.a(libc_a-findfp.o)
                                                  /Applications/ArmGNUToolchain/12.2.mpacbti-rel1/arm-none-eabi/bin/../lib/gcc/arm-none-eabi/12.2.1/../../../../arm-none-eabi/lib/thumb/v7e-m+fp/hard/libc_nano.a(libc_a-exit.o)
__swrite                                          /Applications/ArmGNUToolchain/12.2.mpacbti-rel1/arm-none-eabi/bin/../lib/gcc/arm-none-eabi/12.2.1/../../../../arm-none-eabi/lib/thumb/v7e-m+fp/hard/libc_nano.a(libc_a-stdio.o)
                                                  /Applications/ArmGNUToolchain/12.2.mpacbti-rel1/arm-none-eabi/bin/../lib/gcc/arm-none-eabi/12.2.1/../../../../arm-none-eabi/lib/thumb/v7e-m+fp/hard/libc_nano.a(libc_a-findfp.o)
_close                                            /Applications/ArmGNUToolchain/12.2.mpacbti-rel1/arm-none-eabi/bin/../lib/gcc/arm-none-eabi/12.2.1/../../../../arm-none-eabi/lib/thumb/v7e-m+fp/hard/libnosys.a(close.o)
                                                  /Applications/ArmGNUToolchain/12.2.mpacbti-rel1/arm-none-eabi/bin/../lib/gcc/arm-none-eabi/12.2.1/../../../../arm-none-eabi/lib/thumb/v7e-m+fp/hard/libc_nano.a(libc_a-closer.o)
_close_r                                          /Applications/ArmGNUToolchain/12.2.mpacbti-rel1/arm-none-eabi/bin/../lib/gcc/arm-none-eabi/12.2.1/../../../../arm-none-eabi/lib/thumb/v7e-m+fp/hard/libc_nano.a(libc_a-closer.o)
                                                  /Applications/ArmGNUToolchain/12.2.mpacbti-rel1/arm-none-eabi/bin/../lib/gcc/arm-none-eabi/12.2.1/../../../../arm-none-eabi/lib/thumb/v7e-m+fp/hard/libc_nano.a(libc_a-stdio.o)
_edata                                            build/startup_gd32f4xx.o
_estack                                           build/startup_gd32f4xx.o
_exit                                             /Applications/ArmGNUToolchain/12.2.mpacbti-rel1/arm-none-eabi/bin/../lib/gcc/arm-none-eabi/12.2.1/../../../../arm-none-eabi/lib/thumb/v7e-m+fp/hard/libnosys.a(_exit.o)
                                                  /Applications/ArmGNUToolchain/12.2.mpacbti-rel1/arm-none-eabi/bin/../lib/gcc/arm-none-eabi/12.2.1/../../../../arm-none-eabi/lib/thumb/v7e-m+fp/hard/libc_nano.a(libc_a-exit.o)
_fflush_r                                         /Applications/ArmGNUToolchain/12.2.mpacbti-rel1/arm-none-eabi/bin/../lib/gcc/arm-none-eabi/12.2.1/../../../../arm-none-eabi/lib/thumb/v7e-m+fp/hard/libc_nano.a(libc_a-fflush.o)
                                                  /Applications/ArmGNUToolchain/12.2.mpacbti-rel1/arm-none-eabi/bin/../lib/gcc/arm-none-eabi/12.2.1/../../../../arm-none-eabi/lib/thumb/v7e-m+fp/hard/libc_nano.a(libc_a-findfp.o)
_fini                                             /Applications/ArmGNUToolchain/12.2.mpacbti-rel1/arm-none-eabi/bin/../lib/gcc/arm-none-eabi/12.2.1/thumb/v7e-m+fp/hard/crti.o
_free_r                                           /Applications/ArmGNUToolchain/12.2.mpacbti-rel1/arm-none-eabi/bin/../lib/gcc/arm-none-eabi/12.2.1/../../../../arm-none-eabi/lib/thumb/v7e-m+fp/hard/libc_nano.a(libc_a-freer.o)
                                                  /Applications/ArmGNUToolchain/12.2.mpacbti-rel1/arm-none-eabi/bin/../lib/gcc/arm-none-eabi/12.2.1/../../../../arm-none-eabi/lib/thumb/v7e-m+fp/hard/libc_nano.a(libc_a-reent.o)
                                                  /Applications/ArmGNUToolchain/12.2.mpacbti-rel1/arm-none-eabi/bin/../lib/gcc/arm-none-eabi/12.2.1/../../../../arm-none-eabi/lib/thumb/v7e-m+fp/hard/libc_nano.a(libc_a-fflush.o)
_fwalk_sglue                                      /Applications/ArmGNUToolchain/12.2.mpacbti-rel1/arm-none-eabi/bin/../lib/gcc/arm-none-eabi/12.2.1/../../../../arm-none-eabi/lib/thumb/v7e-m+fp/hard/libc_nano.a(libc_a-fwalk.o)
                                                  /Applications/ArmGNUToolchain/12.2.mpacbti-rel1/arm-none-eabi/bin/../lib/gcc/arm-none-eabi/12.2.1/../../../../arm-none-eabi/lib/thumb/v7e-m+fp/hard/libc_nano.a(libc_a-fflush.o)
                                                  /Applications/ArmGNUToolchain/12.2.mpacbti-rel1/arm-none-eabi/bin/../lib/gcc/arm-none-eabi/12.2.1/../../../../arm-none-eabi/lib/thumb/v7e-m+fp/hard/libc_nano.a(libc_a-findfp.o)
_impure_data                                      /Applications/ArmGNUToolchain/12.2.mpacbti-rel1/arm-none-eabi/bin/../lib/gcc/arm-none-eabi/12.2.1/../../../../arm-none-eabi/lib/thumb/v7e-m+fp/hard/libc_nano.a(libc_a-impure.o)
                                                  /Applications/ArmGNUToolchain/12.2.mpacbti-rel1/arm-none-eabi/bin/../lib/gcc/arm-none-eabi/12.2.1/../../../../arm-none-eabi/lib/thumb/v7e-m+fp/hard/libc_nano.a(libc_a-fflush.o)
                                                  /Applications/ArmGNUToolchain/12.2.mpacbti-rel1/arm-none-eabi/bin/../lib/gcc/arm-none-eabi/12.2.1/../../../../arm-none-eabi/lib/thumb/v7e-m+fp/hard/libc_nano.a(libc_a-findfp.o)
_impure_ptr                                       /Applications/ArmGNUToolchain/12.2.mpacbti-rel1/arm-none-eabi/bin/../lib/gcc/arm-none-eabi/12.2.1/../../../../arm-none-eabi/lib/thumb/v7e-m+fp/hard/libc_nano.a(libc_a-impure.o)
                                                  /Applications/ArmGNUToolchain/12.2.mpacbti-rel1/arm-none-eabi/bin/../lib/gcc/arm-none-eabi/12.2.1/../../../../arm-none-eabi/lib/thumb/v7e-m+fp/hard/libc_nano.a(libc_a-reent.o)
                                                  /Applications/ArmGNUToolchain/12.2.mpacbti-rel1/arm-none-eabi/bin/../lib/gcc/arm-none-eabi/12.2.1/../../../../arm-none-eabi/lib/thumb/v7e-m+fp/hard/libc_nano.a(libc_a-fflush.o)
_init                                             /Applications/ArmGNUToolchain/12.2.mpacbti-rel1/arm-none-eabi/bin/../lib/gcc/arm-none-eabi/12.2.1/thumb/v7e-m+fp/hard/crti.o
                                                  /Applications/ArmGNUToolchain/12.2.mpacbti-rel1/arm-none-eabi/bin/../lib/gcc/arm-none-eabi/12.2.1/../../../../arm-none-eabi/lib/thumb/v7e-m+fp/hard/libc_nano.a(libc_a-init.o)
_lseek                                            /Applications/ArmGNUToolchain/12.2.mpacbti-rel1/arm-none-eabi/bin/../lib/gcc/arm-none-eabi/12.2.1/../../../../arm-none-eabi/lib/thumb/v7e-m+fp/hard/libnosys.a(lseek.o)
                                                  /Applications/ArmGNUToolchain/12.2.mpacbti-rel1/arm-none-eabi/bin/../lib/gcc/arm-none-eabi/12.2.1/../../../../arm-none-eabi/lib/thumb/v7e-m+fp/hard/libc_nano.a(libc_a-lseekr.o)
_lseek_r                                          /Applications/ArmGNUToolchain/12.2.mpacbti-rel1/arm-none-eabi/bin/../lib/gcc/arm-none-eabi/12.2.1/../../../../arm-none-eabi/lib/thumb/v7e-m+fp/hard/libc_nano.a(libc_a-lseekr.o)
                                                  /Applications/ArmGNUToolchain/12.2.mpacbti-rel1/arm-none-eabi/bin/../lib/gcc/arm-none-eabi/12.2.1/../../../../arm-none-eabi/lib/thumb/v7e-m+fp/hard/libc_nano.a(libc_a-stdio.o)
_mainCRTStartup                                   /Applications/ArmGNUToolchain/12.2.mpacbti-rel1/arm-none-eabi/bin/../lib/gcc/arm-none-eabi/12.2.1/../../../../arm-none-eabi/lib/thumb/v7e-m+fp/hard/crt0.o
_malloc_r                                         /Applications/ArmGNUToolchain/12.2.mpacbti-rel1/arm-none-eabi/bin/../lib/gcc/arm-none-eabi/12.2.1/../../../../arm-none-eabi/lib/thumb/v7e-m+fp/hard/libc_nano.a(libc_a-mallocr.o)
                                                  /Applications/ArmGNUToolchain/12.2.mpacbti-rel1/arm-none-eabi/bin/../lib/gcc/arm-none-eabi/12.2.1/../../../../arm-none-eabi/lib/thumb/v7e-m+fp/hard/libc_nano.a(libc_a-findfp.o)
_read                                             /Applications/ArmGNUToolchain/12.2.mpacbti-rel1/arm-none-eabi/bin/../lib/gcc/arm-none-eabi/12.2.1/../../../../arm-none-eabi/lib/thumb/v7e-m+fp/hard/libnosys.a(read.o)
                                                  /Applications/ArmGNUToolchain/12.2.mpacbti-rel1/arm-none-eabi/bin/../lib/gcc/arm-none-eabi/12.2.1/../../../../arm-none-eabi/lib/thumb/v7e-m+fp/hard/libc_nano.a(libc_a-readr.o)
_read_r                                           /Applications/ArmGNUToolchain/12.2.mpacbti-rel1/arm-none-eabi/bin/../lib/gcc/arm-none-eabi/12.2.1/../../../../arm-none-eabi/lib/thumb/v7e-m+fp/hard/libc_nano.a(libc_a-readr.o)
                                                  /Applications/ArmGNUToolchain/12.2.mpacbti-rel1/arm-none-eabi/bin/../lib/gcc/arm-none-eabi/12.2.1/../../../../arm-none-eabi/lib/thumb/v7e-m+fp/hard/libc_nano.a(libc_a-stdio.o)
_reclaim_reent                                    /Applications/ArmGNUToolchain/12.2.mpacbti-rel1/arm-none-eabi/bin/../lib/gcc/arm-none-eabi/12.2.1/../../../../arm-none-eabi/lib/thumb/v7e-m+fp/hard/libc_nano.a(libc_a-reent.o)
_sbrk                                             /Applications/ArmGNUToolchain/12.2.mpacbti-rel1/arm-none-eabi/bin/../lib/gcc/arm-none-eabi/12.2.1/../../../../arm-none-eabi/lib/thumb/v7e-m+fp/hard/libnosys.a(sbrk.o)
                                                  /Applications/ArmGNUToolchain/12.2.mpacbti-rel1/arm-none-eabi/bin/../lib/gcc/arm-none-eabi/12.2.1/../../../../arm-none-eabi/lib/thumb/v7e-m+fp/hard/libc_nano.a(libc_a-sbrkr.o)
_sbrk_r                                           /Applications/ArmGNUToolchain/12.2.mpacbti-rel1/arm-none-eabi/bin/../lib/gcc/arm-none-eabi/12.2.1/../../../../arm-none-eabi/lib/thumb/v7e-m+fp/hard/libc_nano.a(libc_a-sbrkr.o)
                                                  /Applications/ArmGNUToolchain/12.2.mpacbti-rel1/arm-none-eabi/bin/../lib/gcc/arm-none-eabi/12.2.1/../../../../arm-none-eabi/lib/thumb/v7e-m+fp/hard/libc_nano.a(libc_a-mallocr.o)
_sdata                                            build/startup_gd32f4xx.o
_sidata                                           build/startup_gd32f4xx.o
_stack_init                                       /Applications/ArmGNUToolchain/12.2.mpacbti-rel1/arm-none-eabi/bin/../lib/gcc/arm-none-eabi/12.2.1/../../../../arm-none-eabi/lib/thumb/v7e-m+fp/hard/crt0.o
_start                                            /Applications/ArmGNUToolchain/12.2.mpacbti-rel1/arm-none-eabi/bin/../lib/gcc/arm-none-eabi/12.2.1/../../../../arm-none-eabi/lib/thumb/v7e-m+fp/hard/crt0.o
_write                                            /Applications/ArmGNUToolchain/12.2.mpacbti-rel1/arm-none-eabi/bin/../lib/gcc/arm-none-eabi/12.2.1/../../../../arm-none-eabi/lib/thumb/v7e-m+fp/hard/libnosys.a(write.o)
                                                  /Applications/ArmGNUToolchain/12.2.mpacbti-rel1/arm-none-eabi/bin/../lib/gcc/arm-none-eabi/12.2.1/../../../../arm-none-eabi/lib/thumb/v7e-m+fp/hard/libc_nano.a(libc_a-writer.o)
_write_r                                          /Applications/ArmGNUToolchain/12.2.mpacbti-rel1/arm-none-eabi/bin/../lib/gcc/arm-none-eabi/12.2.1/../../../../arm-none-eabi/lib/thumb/v7e-m+fp/hard/libc_nano.a(libc_a-writer.o)
                                                  /Applications/ArmGNUToolchain/12.2.mpacbti-rel1/arm-none-eabi/bin/../lib/gcc/arm-none-eabi/12.2.1/../../../../arm-none-eabi/lib/thumb/v7e-m+fp/hard/libc_nano.a(libc_a-stdio.o)
adc_calibration_enable                            build/gd32f4xx_adc.o
adc_channel_16_to_18                              build/gd32f4xx_adc.o
adc_channel_length_config                         build/gd32f4xx_adc.o
adc_clock_config                                  build/gd32f4xx_adc.o
adc_data_alignment_config                         build/gd32f4xx_adc.o
adc_deinit                                        build/gd32f4xx_adc.o
adc_disable                                       build/gd32f4xx_adc.o
adc_discontinuous_mode_config                     build/gd32f4xx_adc.o
adc_dma_mode_disable                              build/gd32f4xx_adc.o
adc_dma_mode_enable                               build/gd32f4xx_adc.o
adc_dma_request_after_last_disable                build/gd32f4xx_adc.o
adc_dma_request_after_last_enable                 build/gd32f4xx_adc.o
adc_enable                                        build/gd32f4xx_adc.o
adc_end_of_conversion_config                      build/gd32f4xx_adc.o
adc_external_trigger_config                       build/gd32f4xx_adc.o
adc_external_trigger_source_config                build/gd32f4xx_adc.o
adc_flag_clear                                    build/gd32f4xx_adc.o
adc_flag_get                                      build/gd32f4xx_adc.o
adc_inserted_channel_config                       build/gd32f4xx_adc.o
adc_inserted_channel_offset_config                build/gd32f4xx_adc.o
adc_inserted_data_read                            build/gd32f4xx_adc.o
adc_inserted_software_startconv_flag_get          build/gd32f4xx_adc.o
adc_interrupt_disable                             build/gd32f4xx_adc.o
adc_interrupt_enable                              build/gd32f4xx_adc.o
adc_interrupt_flag_clear                          build/gd32f4xx_adc.o
adc_interrupt_flag_get                            build/gd32f4xx_adc.o
adc_oversample_mode_config                        build/gd32f4xx_adc.o
adc_oversample_mode_disable                       build/gd32f4xx_adc.o
adc_oversample_mode_enable                        build/gd32f4xx_adc.o
adc_resolution_config                             build/gd32f4xx_adc.o
adc_routine_channel_config                        build/gd32f4xx_adc.o
adc_routine_data_read                             build/gd32f4xx_adc.o
adc_routine_software_startconv_flag_get           build/gd32f4xx_adc.o
adc_software_trigger_enable                       build/gd32f4xx_adc.o
adc_special_function_config                       build/gd32f4xx_adc.o
adc_sync_delay_config                             build/gd32f4xx_adc.o
adc_sync_dma_config                               build/gd32f4xx_adc.o
adc_sync_dma_request_after_last_disable           build/gd32f4xx_adc.o
adc_sync_dma_request_after_last_enable            build/gd32f4xx_adc.o
adc_sync_mode_config                              build/gd32f4xx_adc.o
adc_sync_routine_data_read                        build/gd32f4xx_adc.o
adc_watchdog_disable                              build/gd32f4xx_adc.o
adc_watchdog_sequence_channel_enable              build/gd32f4xx_adc.o
adc_watchdog_single_channel_disable               build/gd32f4xx_adc.o
adc_watchdog_single_channel_enable                build/gd32f4xx_adc.o
adc_watchdog_threshold_config                     build/gd32f4xx_adc.o
atexit                                            /Applications/ArmGNUToolchain/12.2.mpacbti-rel1/arm-none-eabi/bin/../lib/gcc/arm-none-eabi/12.2.1/../../../../arm-none-eabi/lib/thumb/v7e-m+fp/hard/crt0.o
can1_filter_start_bank                            build/gd32f4xx_can.o
can_debug_freeze_disable                          build/gd32f4xx_can.o
can_debug_freeze_enable                           build/gd32f4xx_can.o
can_deinit                                        build/gd32f4xx_can.o
can_error_get                                     build/gd32f4xx_can.o
can_fifo_release                                  build/gd32f4xx_can.o
can_filter_init                                   build/gd32f4xx_can.o
can_flag_clear                                    build/gd32f4xx_can.o
can_flag_get                                      build/gd32f4xx_can.o
can_init                                          build/gd32f4xx_can.o
can_interrupt_disable                             build/gd32f4xx_can.o
can_interrupt_enable                              build/gd32f4xx_can.o
can_interrupt_flag_clear                          build/gd32f4xx_can.o
can_interrupt_flag_get                            build/gd32f4xx_can.o
can_message_receive                               build/gd32f4xx_can.o
can_message_transmit                              build/gd32f4xx_can.o
can_receive_error_number_get                      build/gd32f4xx_can.o
can_receive_message_length_get                    build/gd32f4xx_can.o
can_struct_para_init                              build/gd32f4xx_can.o
can_time_trigger_mode_disable                     build/gd32f4xx_can.o
can_time_trigger_mode_enable                      build/gd32f4xx_can.o
can_transmission_stop                             build/gd32f4xx_can.o
can_transmit_error_number_get                     build/gd32f4xx_can.o
can_transmit_states                               build/gd32f4xx_can.o
can_wakeup                                        build/gd32f4xx_can.o
can_working_mode_set                              build/gd32f4xx_can.o
crc_block_data_calculate                          build/gd32f4xx_crc.o
crc_data_register_read                            build/gd32f4xx_crc.o
crc_data_register_reset                           build/gd32f4xx_crc.o
crc_deinit                                        build/gd32f4xx_crc.o
crc_free_data_register_read                       build/gd32f4xx_crc.o
crc_free_data_register_write                      build/gd32f4xx_crc.o
crc_single_data_calculate                         build/gd32f4xx_crc.o
ctc_clock_limit_value_config                      build/gd32f4xx_ctc.o
ctc_counter_capture_value_read                    build/gd32f4xx_ctc.o
ctc_counter_direction_read                        build/gd32f4xx_ctc.o
ctc_counter_disable                               build/gd32f4xx_ctc.o
ctc_counter_enable                                build/gd32f4xx_ctc.o
ctc_counter_reload_value_config                   build/gd32f4xx_ctc.o
ctc_counter_reload_value_read                     build/gd32f4xx_ctc.o
ctc_deinit                                        build/gd32f4xx_ctc.o
ctc_flag_clear                                    build/gd32f4xx_ctc.o
ctc_flag_get                                      build/gd32f4xx_ctc.o
ctc_hardware_trim_mode_config                     build/gd32f4xx_ctc.o
ctc_interrupt_disable                             build/gd32f4xx_ctc.o
ctc_interrupt_enable                              build/gd32f4xx_ctc.o
ctc_interrupt_flag_clear                          build/gd32f4xx_ctc.o
ctc_interrupt_flag_get                            build/gd32f4xx_ctc.o
ctc_irc48m_trim_value_config                      build/gd32f4xx_ctc.o
ctc_irc48m_trim_value_read                        build/gd32f4xx_ctc.o
ctc_refsource_polarity_config                     build/gd32f4xx_ctc.o
ctc_refsource_prescaler_config                    build/gd32f4xx_ctc.o
ctc_refsource_signal_select                       build/gd32f4xx_ctc.o
ctc_software_refsource_pulse_generate             build/gd32f4xx_ctc.o
dac_concurrent_data_set                           build/gd32f4xx_dac.o
dac_concurrent_disable                            build/gd32f4xx_dac.o
dac_concurrent_enable                             build/gd32f4xx_dac.o
dac_concurrent_interrupt_disable                  build/gd32f4xx_dac.o
dac_concurrent_interrupt_enable                   build/gd32f4xx_dac.o
dac_concurrent_output_buffer_disable              build/gd32f4xx_dac.o
dac_concurrent_output_buffer_enable               build/gd32f4xx_dac.o
dac_concurrent_software_trigger_disable           build/gd32f4xx_dac.o
dac_concurrent_software_trigger_enable            build/gd32f4xx_dac.o
dac_data_set                                      build/gd32f4xx_dac.o
dac_deinit                                        build/gd32f4xx_dac.o
dac_disable                                       build/gd32f4xx_dac.o
dac_dma_disable                                   build/gd32f4xx_dac.o
dac_dma_enable                                    build/gd32f4xx_dac.o
dac_enable                                        build/gd32f4xx_dac.o
dac_flag_clear                                    build/gd32f4xx_dac.o
dac_flag_get                                      build/gd32f4xx_dac.o
dac_interrupt_disable                             build/gd32f4xx_dac.o
dac_interrupt_enable                              build/gd32f4xx_dac.o
dac_interrupt_flag_clear                          build/gd32f4xx_dac.o
dac_interrupt_flag_get                            build/gd32f4xx_dac.o
dac_lfsr_noise_config                             build/gd32f4xx_dac.o
dac_output_buffer_disable                         build/gd32f4xx_dac.o
dac_output_buffer_enable                          build/gd32f4xx_dac.o
dac_output_value_get                              build/gd32f4xx_dac.o
dac_software_trigger_disable                      build/gd32f4xx_dac.o
dac_software_trigger_enable                       build/gd32f4xx_dac.o
dac_triangle_noise_config                         build/gd32f4xx_dac.o
dac_trigger_disable                               build/gd32f4xx_dac.o
dac_trigger_enable                                build/gd32f4xx_dac.o
dac_trigger_source_config                         build/gd32f4xx_dac.o
dac_wave_bit_width_config                         build/gd32f4xx_dac.o
dac_wave_mode_config                              build/gd32f4xx_dac.o
dbg_deinit                                        build/gd32f4xx_dbg.o
dbg_id_get                                        build/gd32f4xx_dbg.o
dbg_low_power_disable                             build/gd32f4xx_dbg.o
dbg_low_power_enable                              build/gd32f4xx_dbg.o
dbg_periph_disable                                build/gd32f4xx_dbg.o
                                                  build/gd32f4xx_can.o
dbg_periph_enable                                 build/gd32f4xx_dbg.o
                                                  build/gd32f4xx_can.o
dbg_trace_pin_disable                             build/gd32f4xx_dbg.o
dbg_trace_pin_enable                              build/gd32f4xx_dbg.o
dci_capture_disable                               build/gd32f4xx_dci.o
dci_capture_enable                                build/gd32f4xx_dci.o
dci_crop_window_config                            build/gd32f4xx_dci.o
dci_crop_window_disable                           build/gd32f4xx_dci.o
dci_crop_window_enable                            build/gd32f4xx_dci.o
dci_data_read                                     build/gd32f4xx_dci.o
dci_deinit                                        build/gd32f4xx_dci.o
dci_disable                                       build/gd32f4xx_dci.o
dci_embedded_sync_disable                         build/gd32f4xx_dci.o
dci_embedded_sync_enable                          build/gd32f4xx_dci.o
dci_enable                                        build/gd32f4xx_dci.o
dci_flag_get                                      build/gd32f4xx_dci.o
dci_init                                          build/gd32f4xx_dci.o
dci_interrupt_disable                             build/gd32f4xx_dci.o
dci_interrupt_enable                              build/gd32f4xx_dci.o
dci_interrupt_flag_clear                          build/gd32f4xx_dci.o
dci_interrupt_flag_get                            build/gd32f4xx_dci.o
dci_jpeg_disable                                  build/gd32f4xx_dci.o
dci_jpeg_enable                                   build/gd32f4xx_dci.o
dci_sync_codes_config                             build/gd32f4xx_dci.o
dci_sync_codes_unmask_config                      build/gd32f4xx_dci.o
delay_1ms                                         build/systick.o
                                                  build/main.o
delay_decrement                                   build/systick.o
                                                  build/gd32f4xx_it.o
dma_channel_disable                               build/gd32f4xx_dma.o
dma_channel_enable                                build/gd32f4xx_dma.o
dma_channel_subperipheral_select                  build/gd32f4xx_dma.o
dma_circulation_disable                           build/gd32f4xx_dma.o
dma_circulation_enable                            build/gd32f4xx_dma.o
dma_current_ptp_rxdesc                            build/gd32f4xx_enet.o
dma_current_ptp_txdesc                            build/gd32f4xx_enet.o
dma_current_rxdesc                                build/gd32f4xx_enet.o
dma_current_txdesc                                build/gd32f4xx_enet.o
dma_deinit                                        build/gd32f4xx_dma.o
dma_fifo_status_get                               build/gd32f4xx_dma.o
dma_flag_clear                                    build/gd32f4xx_dma.o
dma_flag_get                                      build/gd32f4xx_dma.o
dma_flow_controller_config                        build/gd32f4xx_dma.o
dma_interrupt_disable                             build/gd32f4xx_dma.o
dma_interrupt_enable                              build/gd32f4xx_dma.o
dma_interrupt_flag_clear                          build/gd32f4xx_dma.o
dma_interrupt_flag_get                            build/gd32f4xx_dma.o
dma_memory_address_config                         build/gd32f4xx_dma.o
dma_memory_address_generation_config              build/gd32f4xx_dma.o
dma_memory_burst_beats_config                     build/gd32f4xx_dma.o
dma_memory_width_config                           build/gd32f4xx_dma.o
dma_multi_data_mode_init                          build/gd32f4xx_dma.o
dma_multi_data_para_struct_init                   build/gd32f4xx_dma.o
dma_periph_address_config                         build/gd32f4xx_dma.o
dma_periph_burst_beats_config                     build/gd32f4xx_dma.o
dma_periph_width_config                           build/gd32f4xx_dma.o
dma_peripheral_address_generation_config          build/gd32f4xx_dma.o
dma_priority_config                               build/gd32f4xx_dma.o
dma_single_data_mode_init                         build/gd32f4xx_dma.o
dma_single_data_para_struct_init                  build/gd32f4xx_dma.o
dma_switch_buffer_mode_config                     build/gd32f4xx_dma.o
dma_switch_buffer_mode_enable                     build/gd32f4xx_dma.o
dma_transfer_direction_config                     build/gd32f4xx_dma.o
dma_transfer_number_config                        build/gd32f4xx_dma.o
dma_transfer_number_get                           build/gd32f4xx_dma.o
dma_using_memory_get                              build/gd32f4xx_dma.o
end                                               /Applications/ArmGNUToolchain/12.2.mpacbti-rel1/arm-none-eabi/bin/../lib/gcc/arm-none-eabi/12.2.1/../../../../arm-none-eabi/lib/thumb/v7e-m+fp/hard/libnosys.a(sbrk.o)
enet_address_filter_config                        build/gd32f4xx_enet.o
enet_address_filter_disable                       build/gd32f4xx_enet.o
enet_address_filter_enable                        build/gd32f4xx_enet.o
enet_current_desc_address_get                     build/gd32f4xx_enet.o
enet_debug_status_get                             build/gd32f4xx_enet.o
enet_deinit                                       build/gd32f4xx_enet.o
enet_desc_flag_clear                              build/gd32f4xx_enet.o
enet_desc_flag_get                                build/gd32f4xx_enet.o
enet_desc_flag_set                                build/gd32f4xx_enet.o
enet_desc_information_get                         build/gd32f4xx_enet.o
enet_desc_select_normal_mode                      build/gd32f4xx_enet.o
enet_descriptors_chain_init                       build/gd32f4xx_enet.o
enet_descriptors_ring_init                        build/gd32f4xx_enet.o
enet_disable                                      build/gd32f4xx_enet.o
enet_dma_feature_disable                          build/gd32f4xx_enet.o
enet_dma_feature_enable                           build/gd32f4xx_enet.o
enet_dmaprocess_resume                            build/gd32f4xx_enet.o
enet_dmaprocess_state_get                         build/gd32f4xx_enet.o
enet_enable                                       build/gd32f4xx_enet.o
enet_flag_clear                                   build/gd32f4xx_enet.o
enet_flag_get                                     build/gd32f4xx_enet.o
enet_fliter_feature_disable                       build/gd32f4xx_enet.o
enet_fliter_feature_enable                        build/gd32f4xx_enet.o
enet_flowcontrol_feature_disable                  build/gd32f4xx_enet.o
enet_flowcontrol_feature_enable                   build/gd32f4xx_enet.o
enet_flowcontrol_threshold_config                 build/gd32f4xx_enet.o
enet_forward_feature_disable                      build/gd32f4xx_enet.o
enet_forward_feature_enable                       build/gd32f4xx_enet.o
enet_frame_receive                                build/gd32f4xx_enet.o
enet_frame_transmit                               build/gd32f4xx_enet.o
enet_init                                         build/gd32f4xx_enet.o
enet_initpara_config                              build/gd32f4xx_enet.o
enet_initpara_reset                               build/gd32f4xx_enet.o
enet_interrupt_disable                            build/gd32f4xx_enet.o
enet_interrupt_enable                             build/gd32f4xx_enet.o
enet_interrupt_flag_clear                         build/gd32f4xx_enet.o
enet_interrupt_flag_get                           build/gd32f4xx_enet.o
enet_mac_address_get                              build/gd32f4xx_enet.o
enet_mac_address_set                              build/gd32f4xx_enet.o
enet_missed_frame_counter_get                     build/gd32f4xx_enet.o
enet_msc_counters_get                             build/gd32f4xx_enet.o
enet_msc_counters_preset_config                   build/gd32f4xx_enet.o
enet_msc_counters_reset                           build/gd32f4xx_enet.o
enet_msc_feature_disable                          build/gd32f4xx_enet.o
enet_msc_feature_enable                           build/gd32f4xx_enet.o
enet_pauseframe_config                            build/gd32f4xx_enet.o
enet_pauseframe_detect_config                     build/gd32f4xx_enet.o
enet_pauseframe_generate                          build/gd32f4xx_enet.o
enet_phy_config                                   build/gd32f4xx_enet.o
enet_phy_write_read                               build/gd32f4xx_enet.o
enet_phyloopback_disable                          build/gd32f4xx_enet.o
enet_phyloopback_enable                           build/gd32f4xx_enet.o
enet_ptp_expected_time_config                     build/gd32f4xx_enet.o
enet_ptp_feature_disable                          build/gd32f4xx_enet.o
enet_ptp_feature_enable                           build/gd32f4xx_enet.o
enet_ptp_normal_descriptors_chain_init            build/gd32f4xx_enet.o
enet_ptp_normal_descriptors_ring_init             build/gd32f4xx_enet.o
enet_ptp_pps_output_frequency_config              build/gd32f4xx_enet.o
enet_ptp_subsecond_increment_config               build/gd32f4xx_enet.o
enet_ptp_system_time_get                          build/gd32f4xx_enet.o
enet_ptp_timestamp_addend_config                  build/gd32f4xx_enet.o
enet_ptp_timestamp_function_config                build/gd32f4xx_enet.o
enet_ptp_timestamp_update_config                  build/gd32f4xx_enet.o
enet_ptpframe_receive_normal_mode                 build/gd32f4xx_enet.o
enet_ptpframe_transmit_normal_mode                build/gd32f4xx_enet.o
enet_registers_get                                build/gd32f4xx_enet.o
enet_rx_desc_delay_receive_complete_interrupt     build/gd32f4xx_enet.o
enet_rx_desc_immediate_receive_complete_interrupt build/gd32f4xx_enet.o
enet_rx_disable                                   build/gd32f4xx_enet.o
enet_rx_enable                                    build/gd32f4xx_enet.o
enet_rxframe_drop                                 build/gd32f4xx_enet.o
enet_rxframe_size_get                             build/gd32f4xx_enet.o
enet_rxprocess_check_recovery                     build/gd32f4xx_enet.o
enet_software_reset                               build/gd32f4xx_enet.o
enet_transmit_checksum_config                     build/gd32f4xx_enet.o
enet_tx_disable                                   build/gd32f4xx_enet.o
enet_tx_enable                                    build/gd32f4xx_enet.o
enet_txfifo_flush                                 build/gd32f4xx_enet.o
enet_wum_feature_disable                          build/gd32f4xx_enet.o
enet_wum_feature_enable                           build/gd32f4xx_enet.o
enet_wum_filter_config                            build/gd32f4xx_enet.o
enet_wum_filter_register_pointer_reset            build/gd32f4xx_enet.o
errno                                             /Applications/ArmGNUToolchain/12.2.mpacbti-rel1/arm-none-eabi/bin/../lib/gcc/arm-none-eabi/12.2.1/../../../../arm-none-eabi/lib/thumb/v7e-m+fp/hard/libc_nano.a(libc_a-reent.o)
                                                  /Applications/ArmGNUToolchain/12.2.mpacbti-rel1/arm-none-eabi/bin/../lib/gcc/arm-none-eabi/12.2.1/../../../../arm-none-eabi/lib/thumb/v7e-m+fp/hard/libnosys.a(write.o)
                                                  /Applications/ArmGNUToolchain/12.2.mpacbti-rel1/arm-none-eabi/bin/../lib/gcc/arm-none-eabi/12.2.1/../../../../arm-none-eabi/lib/thumb/v7e-m+fp/hard/libnosys.a(read.o)
                                                  /Applications/ArmGNUToolchain/12.2.mpacbti-rel1/arm-none-eabi/bin/../lib/gcc/arm-none-eabi/12.2.1/../../../../arm-none-eabi/lib/thumb/v7e-m+fp/hard/libnosys.a(lseek.o)
                                                  /Applications/ArmGNUToolchain/12.2.mpacbti-rel1/arm-none-eabi/bin/../lib/gcc/arm-none-eabi/12.2.1/../../../../arm-none-eabi/lib/thumb/v7e-m+fp/hard/libnosys.a(close.o)
                                                  /Applications/ArmGNUToolchain/12.2.mpacbti-rel1/arm-none-eabi/bin/../lib/gcc/arm-none-eabi/12.2.1/../../../../arm-none-eabi/lib/thumb/v7e-m+fp/hard/libc_nano.a(libc_a-writer.o)
                                                  /Applications/ArmGNUToolchain/12.2.mpacbti-rel1/arm-none-eabi/bin/../lib/gcc/arm-none-eabi/12.2.1/../../../../arm-none-eabi/lib/thumb/v7e-m+fp/hard/libc_nano.a(libc_a-sbrkr.o)
                                                  /Applications/ArmGNUToolchain/12.2.mpacbti-rel1/arm-none-eabi/bin/../lib/gcc/arm-none-eabi/12.2.1/../../../../arm-none-eabi/lib/thumb/v7e-m+fp/hard/libc_nano.a(libc_a-readr.o)
                                                  /Applications/ArmGNUToolchain/12.2.mpacbti-rel1/arm-none-eabi/bin/../lib/gcc/arm-none-eabi/12.2.1/../../../../arm-none-eabi/lib/thumb/v7e-m+fp/hard/libc_nano.a(libc_a-lseekr.o)
                                                  /Applications/ArmGNUToolchain/12.2.mpacbti-rel1/arm-none-eabi/bin/../lib/gcc/arm-none-eabi/12.2.1/../../../../arm-none-eabi/lib/thumb/v7e-m+fp/hard/libc_nano.a(libc_a-closer.o)
exit                                              /Applications/ArmGNUToolchain/12.2.mpacbti-rel1/arm-none-eabi/bin/../lib/gcc/arm-none-eabi/12.2.1/../../../../arm-none-eabi/lib/thumb/v7e-m+fp/hard/libc_nano.a(libc_a-exit.o)
                                                  /Applications/ArmGNUToolchain/12.2.mpacbti-rel1/arm-none-eabi/bin/../lib/gcc/arm-none-eabi/12.2.1/../../../../arm-none-eabi/lib/thumb/v7e-m+fp/hard/crt0.o
exmc_ecc_get                                      build/gd32f4xx_exmc.o
exmc_flag_clear                                   build/gd32f4xx_exmc.o
exmc_flag_get                                     build/gd32f4xx_exmc.o
exmc_interrupt_disable                            build/gd32f4xx_exmc.o
exmc_interrupt_enable                             build/gd32f4xx_exmc.o
exmc_interrupt_flag_clear                         build/gd32f4xx_exmc.o
exmc_interrupt_flag_get                           build/gd32f4xx_exmc.o
exmc_nand_deinit                                  build/gd32f4xx_exmc.o
exmc_nand_disable                                 build/gd32f4xx_exmc.o
exmc_nand_ecc_config                              build/gd32f4xx_exmc.o
exmc_nand_enable                                  build/gd32f4xx_exmc.o
exmc_nand_init                                    build/gd32f4xx_exmc.o
exmc_nand_struct_para_init                        build/gd32f4xx_exmc.o
exmc_norsram_consecutive_clock_config             build/gd32f4xx_exmc.o
exmc_norsram_deinit                               build/gd32f4xx_exmc.o
exmc_norsram_disable                              build/gd32f4xx_exmc.o
exmc_norsram_enable                               build/gd32f4xx_exmc.o
exmc_norsram_init                                 build/gd32f4xx_exmc.o
exmc_norsram_page_size_config                     build/gd32f4xx_exmc.o
exmc_norsram_struct_para_init                     build/gd32f4xx_exmc.o
exmc_pccard_deinit                                build/gd32f4xx_exmc.o
exmc_pccard_disable                               build/gd32f4xx_exmc.o
exmc_pccard_enable                                build/gd32f4xx_exmc.o
exmc_pccard_init                                  build/gd32f4xx_exmc.o
exmc_pccard_struct_para_init                      build/gd32f4xx_exmc.o
exmc_sdram_autorefresh_number_set                 build/gd32f4xx_exmc.o
exmc_sdram_bankstatus_get                         build/gd32f4xx_exmc.o
exmc_sdram_command_config                         build/gd32f4xx_exmc.o
exmc_sdram_deinit                                 build/gd32f4xx_exmc.o
exmc_sdram_init                                   build/gd32f4xx_exmc.o
exmc_sdram_readsample_config                      build/gd32f4xx_exmc.o
exmc_sdram_readsample_enable                      build/gd32f4xx_exmc.o
exmc_sdram_refresh_count_set                      build/gd32f4xx_exmc.o
exmc_sdram_struct_command_para_init               build/gd32f4xx_exmc.o
exmc_sdram_struct_para_init                       build/gd32f4xx_exmc.o
exmc_sdram_write_protection_config                build/gd32f4xx_exmc.o
exmc_sqpipsram_deinit                             build/gd32f4xx_exmc.o
exmc_sqpipsram_high_id_get                        build/gd32f4xx_exmc.o
exmc_sqpipsram_init                               build/gd32f4xx_exmc.o
exmc_sqpipsram_low_id_get                         build/gd32f4xx_exmc.o
exmc_sqpipsram_read_command_set                   build/gd32f4xx_exmc.o
exmc_sqpipsram_read_id_command_send               build/gd32f4xx_exmc.o
exmc_sqpipsram_send_command_state_get             build/gd32f4xx_exmc.o
exmc_sqpipsram_struct_para_init                   build/gd32f4xx_exmc.o
exmc_sqpipsram_write_cmd_send                     build/gd32f4xx_exmc.o
exmc_sqpipsram_write_command_set                  build/gd32f4xx_exmc.o
exti_deinit                                       build/gd32f4xx_exti.o
exti_event_disable                                build/gd32f4xx_exti.o
exti_event_enable                                 build/gd32f4xx_exti.o
exti_flag_clear                                   build/gd32f4xx_exti.o
exti_flag_get                                     build/gd32f4xx_exti.o
exti_init                                         build/gd32f4xx_exti.o
                                                  build/gd32f470v_start.o
exti_interrupt_disable                            build/gd32f4xx_exti.o
exti_interrupt_enable                             build/gd32f4xx_exti.o
exti_interrupt_flag_clear                         build/gd32f4xx_exti.o
                                                  build/gd32f470v_start.o
exti_interrupt_flag_get                           build/gd32f4xx_exti.o
exti_software_interrupt_disable                   build/gd32f4xx_exti.o
exti_software_interrupt_enable                    build/gd32f4xx_exti.o
fflush                                            /Applications/ArmGNUToolchain/12.2.mpacbti-rel1/arm-none-eabi/bin/../lib/gcc/arm-none-eabi/12.2.1/../../../../arm-none-eabi/lib/thumb/v7e-m+fp/hard/libc_nano.a(libc_a-fflush.o)
fmc_bank0_erase                                   build/gd32f4xx_fmc.o
fmc_bank1_erase                                   build/gd32f4xx_fmc.o
fmc_byte_program                                  build/gd32f4xx_fmc.o
fmc_flag_clear                                    build/gd32f4xx_fmc.o
fmc_flag_get                                      build/gd32f4xx_fmc.o
fmc_halfword_program                              build/gd32f4xx_fmc.o
fmc_interrupt_disable                             build/gd32f4xx_fmc.o
fmc_interrupt_enable                              build/gd32f4xx_fmc.o
fmc_interrupt_flag_clear                          build/gd32f4xx_fmc.o
fmc_interrupt_flag_get                            build/gd32f4xx_fmc.o
fmc_lock                                          build/gd32f4xx_fmc.o
fmc_mass_erase                                    build/gd32f4xx_fmc.o
fmc_page_erase                                    build/gd32f4xx_fmc.o
fmc_ready_wait                                    build/gd32f4xx_fmc.o
fmc_sector_erase                                  build/gd32f4xx_fmc.o
fmc_state_get                                     build/gd32f4xx_fmc.o
fmc_unlock                                        build/gd32f4xx_fmc.o
fmc_word_program                                  build/gd32f4xx_fmc.o
fmc_wscnt_set                                     build/gd32f4xx_fmc.o
fwdgt_config                                      build/gd32f4xx_fwdgt.o
fwdgt_counter_reload                              build/gd32f4xx_fwdgt.o
fwdgt_enable                                      build/gd32f4xx_fwdgt.o
fwdgt_flag_get                                    build/gd32f4xx_fwdgt.o
fwdgt_prescaler_value_config                      build/gd32f4xx_fwdgt.o
fwdgt_reload_value_config                         build/gd32f4xx_fwdgt.o
fwdgt_write_disable                               build/gd32f4xx_fwdgt.o
fwdgt_write_enable                                build/gd32f4xx_fwdgt.o
g_pfnVectors                                      build/startup_gd32f4xx.o
gd_eval_key_init                                  build/gd32f470v_start.o
gd_eval_key_state_get                             build/gd32f470v_start.o
gd_eval_led_init                                  build/gd32f470v_start.o
gd_eval_led_off                                   build/gd32f470v_start.o
gd_eval_led_on                                    build/gd32f470v_start.o
gd_eval_led_toggle                                build/gd32f470v_start.o
gpio_af_set                                       build/gd32f4xx_gpio.o
gpio_bit_reset                                    build/gd32f4xx_gpio.o
gpio_bit_set                                      build/gd32f4xx_gpio.o
gpio_bit_toggle                                   build/gd32f4xx_gpio.o
gpio_bit_write                                    build/gd32f4xx_gpio.o
gpio_deinit                                       build/gd32f4xx_gpio.o
gpio_input_bit_get                                build/gd32f4xx_gpio.o
                                                  build/gd32f470v_start.o
gpio_input_port_get                               build/gd32f4xx_gpio.o
gpio_mode_set                                     build/gd32f4xx_gpio.o
                                                  build/bsp_led.o
                                                  build/gd32f470v_start.o
gpio_output_bit_get                               build/gd32f4xx_gpio.o
gpio_output_options_set                           build/gd32f4xx_gpio.o
                                                  build/bsp_led.o
                                                  build/gd32f470v_start.o
gpio_output_port_get                              build/gd32f4xx_gpio.o
gpio_pin_lock                                     build/gd32f4xx_gpio.o
gpio_port_toggle                                  build/gd32f4xx_gpio.o
gpio_port_write                                   build/gd32f4xx_gpio.o
hardware_init_hook                                /Applications/ArmGNUToolchain/12.2.mpacbti-rel1/arm-none-eabi/bin/../lib/gcc/arm-none-eabi/12.2.1/../../../../arm-none-eabi/lib/thumb/v7e-m+fp/hard/crt0.o
i2c_ack_config                                    build/gd32f4xx_i2c.o
i2c_ackpos_config                                 build/gd32f4xx_i2c.o
i2c_analog_noise_filter_disable                   build/gd32f4xx_i2c.o
i2c_analog_noise_filter_enable                    build/gd32f4xx_i2c.o
i2c_clock_config                                  build/gd32f4xx_i2c.o
i2c_data_receive                                  build/gd32f4xx_i2c.o
i2c_data_transmit                                 build/gd32f4xx_i2c.o
i2c_deinit                                        build/gd32f4xx_i2c.o
i2c_digital_noise_filter_config                   build/gd32f4xx_i2c.o
i2c_disable                                       build/gd32f4xx_i2c.o
i2c_dma_config                                    build/gd32f4xx_i2c.o
i2c_dma_last_transfer_config                      build/gd32f4xx_i2c.o
i2c_dualaddr_disable                              build/gd32f4xx_i2c.o
i2c_dualaddr_enable                               build/gd32f4xx_i2c.o
i2c_enable                                        build/gd32f4xx_i2c.o
i2c_flag_clear                                    build/gd32f4xx_i2c.o
i2c_flag_get                                      build/gd32f4xx_i2c.o
i2c_interrupt_disable                             build/gd32f4xx_i2c.o
i2c_interrupt_enable                              build/gd32f4xx_i2c.o
i2c_interrupt_flag_clear                          build/gd32f4xx_i2c.o
i2c_interrupt_flag_get                            build/gd32f4xx_i2c.o
i2c_master_addressing                             build/gd32f4xx_i2c.o
i2c_mode_addr_config                              build/gd32f4xx_i2c.o
i2c_pec_config                                    build/gd32f4xx_i2c.o
i2c_pec_transfer_config                           build/gd32f4xx_i2c.o
i2c_pec_value_get                                 build/gd32f4xx_i2c.o
i2c_sam_disable                                   build/gd32f4xx_i2c.o
i2c_sam_enable                                    build/gd32f4xx_i2c.o
i2c_sam_timeout_disable                           build/gd32f4xx_i2c.o
i2c_sam_timeout_enable                            build/gd32f4xx_i2c.o
i2c_slave_response_to_gcall_config                build/gd32f4xx_i2c.o
i2c_smbus_alert_config                            build/gd32f4xx_i2c.o
i2c_smbus_arp_config                              build/gd32f4xx_i2c.o
i2c_smbus_type_config                             build/gd32f4xx_i2c.o
i2c_software_reset_config                         build/gd32f4xx_i2c.o
i2c_start_on_bus                                  build/gd32f4xx_i2c.o
i2c_stop_on_bus                                   build/gd32f4xx_i2c.o
i2c_stretch_scl_low_config                        build/gd32f4xx_i2c.o
i2s_disable                                       build/gd32f4xx_spi.o
i2s_enable                                        build/gd32f4xx_spi.o
i2s_full_duplex_mode_config                       build/gd32f4xx_spi.o
i2s_init                                          build/gd32f4xx_spi.o
i2s_psc_config                                    build/gd32f4xx_spi.o
ipa_background_init                               build/gd32f4xx_ipa.o
ipa_background_lut_init                           build/gd32f4xx_ipa.o
ipa_background_lut_loading_enable                 build/gd32f4xx_ipa.o
ipa_background_struct_para_init                   build/gd32f4xx_ipa.o
ipa_deinit                                        build/gd32f4xx_ipa.o
ipa_destination_init                              build/gd32f4xx_ipa.o
ipa_destination_struct_para_init                  build/gd32f4xx_ipa.o
ipa_flag_clear                                    build/gd32f4xx_ipa.o
ipa_flag_get                                      build/gd32f4xx_ipa.o
ipa_foreground_init                               build/gd32f4xx_ipa.o
ipa_foreground_lut_init                           build/gd32f4xx_ipa.o
ipa_foreground_lut_loading_enable                 build/gd32f4xx_ipa.o
ipa_foreground_struct_para_init                   build/gd32f4xx_ipa.o
ipa_inter_timer_config                            build/gd32f4xx_ipa.o
ipa_interrupt_disable                             build/gd32f4xx_ipa.o
ipa_interrupt_enable                              build/gd32f4xx_ipa.o
ipa_interrupt_flag_clear                          build/gd32f4xx_ipa.o
ipa_interrupt_flag_get                            build/gd32f4xx_ipa.o
ipa_interval_clock_num_config                     build/gd32f4xx_ipa.o